Archive member included to satisfy reference by file (symbol)

c:/users/kalli/.p2/pool/plugins/fr.ac6.mcu.externaltools.arm-none.win32_1.15.0.201708311556/tools/compiler/bin/../lib/gcc/arm-none-eabi/6.3.1/../../../../arm-none-eabi/lib/thumb/v7e-m/fpv4-sp/hard\libm.a(lib_a-w_log10.o)
                              Drivers/CMSIS/math_helper.o (log10)
c:/users/kalli/.p2/pool/plugins/fr.ac6.mcu.externaltools.arm-none.win32_1.15.0.201708311556/tools/compiler/bin/../lib/gcc/arm-none-eabi/6.3.1/../../../../arm-none-eabi/lib/thumb/v7e-m/fpv4-sp/hard\libm.a(lib_a-e_log10.o)
                              c:/users/kalli/.p2/pool/plugins/fr.ac6.mcu.externaltools.arm-none.win32_1.15.0.201708311556/tools/compiler/bin/../lib/gcc/arm-none-eabi/6.3.1/../../../../arm-none-eabi/lib/thumb/v7e-m/fpv4-sp/hard\libm.a(lib_a-w_log10.o) (__ieee754_log10)
c:/users/kalli/.p2/pool/plugins/fr.ac6.mcu.externaltools.arm-none.win32_1.15.0.201708311556/tools/compiler/bin/../lib/gcc/arm-none-eabi/6.3.1/../../../../arm-none-eabi/lib/thumb/v7e-m/fpv4-sp/hard\libm.a(lib_a-s_lib_ver.o)
                              c:/users/kalli/.p2/pool/plugins/fr.ac6.mcu.externaltools.arm-none.win32_1.15.0.201708311556/tools/compiler/bin/../lib/gcc/arm-none-eabi/6.3.1/../../../../arm-none-eabi/lib/thumb/v7e-m/fpv4-sp/hard\libm.a(lib_a-w_log10.o) (__fdlib_version)
c:/users/kalli/.p2/pool/plugins/fr.ac6.mcu.externaltools.arm-none.win32_1.15.0.201708311556/tools/compiler/bin/../lib/gcc/arm-none-eabi/6.3.1/../../../../arm-none-eabi/lib/thumb/v7e-m/fpv4-sp/hard\libm.a(lib_a-s_matherr.o)
                              c:/users/kalli/.p2/pool/plugins/fr.ac6.mcu.externaltools.arm-none.win32_1.15.0.201708311556/tools/compiler/bin/../lib/gcc/arm-none-eabi/6.3.1/../../../../arm-none-eabi/lib/thumb/v7e-m/fpv4-sp/hard\libm.a(lib_a-w_log10.o) (matherr)
c:/users/kalli/.p2/pool/plugins/fr.ac6.mcu.externaltools.arm-none.win32_1.15.0.201708311556/tools/compiler/bin/../lib/gcc/arm-none-eabi/6.3.1/../../../../arm-none-eabi/lib/thumb/v7e-m/fpv4-sp/hard\libm.a(lib_a-s_nan.o)
                              c:/users/kalli/.p2/pool/plugins/fr.ac6.mcu.externaltools.arm-none.win32_1.15.0.201708311556/tools/compiler/bin/../lib/gcc/arm-none-eabi/6.3.1/../../../../arm-none-eabi/lib/thumb/v7e-m/fpv4-sp/hard\libm.a(lib_a-w_log10.o) (nan)
c:/users/kalli/.p2/pool/plugins/fr.ac6.mcu.externaltools.arm-none.win32_1.15.0.201708311556/tools/compiler/bin/../lib/gcc/arm-none-eabi/6.3.1/../../../../arm-none-eabi/lib/thumb/v7e-m/fpv4-sp/hard\libm.a(lib_a-e_log.o)
                              c:/users/kalli/.p2/pool/plugins/fr.ac6.mcu.externaltools.arm-none.win32_1.15.0.201708311556/tools/compiler/bin/../lib/gcc/arm-none-eabi/6.3.1/../../../../arm-none-eabi/lib/thumb/v7e-m/fpv4-sp/hard\libm.a(lib_a-e_log10.o) (__ieee754_log)
c:/users/kalli/.p2/pool/plugins/fr.ac6.mcu.externaltools.arm-none.win32_1.15.0.201708311556/tools/compiler/bin/../lib/gcc/arm-none-eabi/6.3.1/thumb/v7e-m/fpv4-sp/hard\libgcc.a(_arm_addsubdf3.o)
                              c:/users/kalli/.p2/pool/plugins/fr.ac6.mcu.externaltools.arm-none.win32_1.15.0.201708311556/tools/compiler/bin/../lib/gcc/arm-none-eabi/6.3.1/../../../../arm-none-eabi/lib/thumb/v7e-m/fpv4-sp/hard\libm.a(lib_a-e_log10.o) (__aeabi_dsub)
c:/users/kalli/.p2/pool/plugins/fr.ac6.mcu.externaltools.arm-none.win32_1.15.0.201708311556/tools/compiler/bin/../lib/gcc/arm-none-eabi/6.3.1/thumb/v7e-m/fpv4-sp/hard\libgcc.a(_arm_muldivdf3.o)
                              Drivers/CMSIS/math_helper.o (__aeabi_dmul)
c:/users/kalli/.p2/pool/plugins/fr.ac6.mcu.externaltools.arm-none.win32_1.15.0.201708311556/tools/compiler/bin/../lib/gcc/arm-none-eabi/6.3.1/thumb/v7e-m/fpv4-sp/hard\libgcc.a(_arm_cmpdf2.o)
                              c:/users/kalli/.p2/pool/plugins/fr.ac6.mcu.externaltools.arm-none.win32_1.15.0.201708311556/tools/compiler/bin/../lib/gcc/arm-none-eabi/6.3.1/../../../../arm-none-eabi/lib/thumb/v7e-m/fpv4-sp/hard\libm.a(lib_a-w_log10.o) (__aeabi_dcmpeq)
c:/users/kalli/.p2/pool/plugins/fr.ac6.mcu.externaltools.arm-none.win32_1.15.0.201708311556/tools/compiler/bin/../lib/gcc/arm-none-eabi/6.3.1/thumb/v7e-m/fpv4-sp/hard\libgcc.a(_arm_unorddf2.o)
                              c:/users/kalli/.p2/pool/plugins/fr.ac6.mcu.externaltools.arm-none.win32_1.15.0.201708311556/tools/compiler/bin/../lib/gcc/arm-none-eabi/6.3.1/../../../../arm-none-eabi/lib/thumb/v7e-m/fpv4-sp/hard\libm.a(lib_a-w_log10.o) (__aeabi_dcmpun)
c:/users/kalli/.p2/pool/plugins/fr.ac6.mcu.externaltools.arm-none.win32_1.15.0.201708311556/tools/compiler/bin/../lib/gcc/arm-none-eabi/6.3.1/thumb/v7e-m/fpv4-sp/hard\libgcc.a(_arm_fixdfsi.o)
                              Drivers/CMSIS/math_helper.o (__aeabi_d2iz)
c:/users/kalli/.p2/pool/plugins/fr.ac6.mcu.externaltools.arm-none.win32_1.15.0.201708311556/tools/compiler/bin/../lib/gcc/arm-none-eabi/6.3.1/thumb/v7e-m/fpv4-sp/hard\libgcc.a(_arm_truncdfsf2.o)
                              Drivers/CMSIS/math_helper.o (__aeabi_d2f)
[...]
Memory Configuration

Name             Origin             Length             Attributes
RAM              0x20000000         0x00020000         xrw
CCMRAM           0x10000000         0x00010000         rw
FLASH            0x08000000         0x00100000         xr
*default*        0x00000000         0xffffffff

Linker script and memory map

LOAD c:/users/kalli/.p2/pool/plugins/fr.ac6.mcu.externaltools.arm-none.win32_1.15.0.201708311556/tools/compiler/bin/../lib/gcc/arm-none-eabi/6.3.1/thumb/v7e-m/fpv4-sp/hard/crti.o
LOAD c:/users/kalli/.p2/pool/plugins/fr.ac6.mcu.externaltools.arm-none.win32_1.15.0.201708311556/tools/compiler/bin/../lib/gcc/arm-none-eabi/6.3.1/thumb/v7e-m/fpv4-sp/hard/crtbegin.o
LOAD c:/users/kalli/.p2/pool/plugins/fr.ac6.mcu.externaltools.arm-none.win32_1.15.0.201708311556/tools/compiler/bin/../lib/gcc/arm-none-eabi/6.3.1/../../../../arm-none-eabi/lib/thumb/v7e-m/fpv4-sp/hard/crt0.o
LOAD Drivers/CMSIS/arm_fir_data.o
LOAD Drivers/CMSIS/arm_fir_f32.o
LOAD Drivers/CMSIS/arm_fir_init_f32.o
LOAD Drivers/CMSIS/cs43l22.o
LOAD Drivers/CMSIS/l3gd20.o
LOAD Drivers/CMSIS/lis302dl.o
LOAD Drivers/CMSIS/lis3dsh.o
LOAD Drivers/CMSIS/math_helper.o
LOAD Drivers/CMSIS/stm32f4_discovery.o
LOAD Drivers/CMSIS/stm32f4_discovery_accelerometer.o
LOAD Drivers/CMSIS/stm32f4_discovery_audio.o
LOAD Drivers/CMSIS/stm32f4_discovery_gyroscope.o
LOAD Drivers/STM32F4xx_HAL_Driver/Src/stm32f4xx_hal.o
LOAD Drivers/STM32F4xx_HAL_Driver/Src/stm32f4xx_hal_cortex.o
LOAD Drivers/STM32F4xx_HAL_Driver/Src/stm32f4xx_hal_dma.o
LOAD Drivers/STM32F4xx_HAL_Driver/Src/stm32f4xx_hal_dma_ex.o
LOAD Drivers/STM32F4xx_HAL_Driver/Src/stm32f4xx_hal_flash.o
LOAD Drivers/STM32F4xx_HAL_Driver/Src/stm32f4xx_hal_flash_ex.o
LOAD Drivers/STM32F4xx_HAL_Driver/Src/stm32f4xx_hal_flash_ramfunc.o
LOAD Drivers/STM32F4xx_HAL_Driver/Src/stm32f4xx_hal_gpio.o
LOAD Drivers/STM32F4xx_HAL_Driver/Src/stm32f4xx_hal_hcd.o
LOAD Drivers/STM32F4xx_HAL_Driver/Src/stm32f4xx_hal_i2c.o
LOAD Drivers/STM32F4xx_HAL_Driver/Src/stm32f4xx_hal_i2c_ex.o
LOAD Drivers/STM32F4xx_HAL_Driver/Src/stm32f4xx_hal_i2s.o
LOAD Drivers/STM32F4xx_HAL_Driver/Src/stm32f4xx_hal_i2s_ex.o
LOAD Drivers/STM32F4xx_HAL_Driver/Src/stm32f4xx_hal_pwr.o
LOAD Drivers/STM32F4xx_HAL_Driver/Src/stm32f4xx_hal_pwr_ex.o
LOAD Drivers/STM32F4xx_HAL_Driver/Src/stm32f4xx_hal_rcc.o
LOAD Drivers/STM32F4xx_HAL_Driver/Src/stm32f4xx_hal_rcc_ex.o
LOAD Drivers/STM32F4xx_HAL_Driver/Src/stm32f4xx_hal_spi.o
LOAD Drivers/STM32F4xx_HAL_Driver/Src/stm32f4xx_hal_tim.o
LOAD Drivers/STM32F4xx_HAL_Driver/Src/stm32f4xx_hal_tim_ex.o
LOAD Drivers/STM32F4xx_HAL_Driver/Src/stm32f4xx_ll_usb.o
LOAD Src/main.o
LOAD Src/stm32f4xx_hal_msp.o
LOAD Src/stm32f4xx_it.o
LOAD Src/system_stm32f4xx.o
LOAD startup/startup_stm32f407xx.o
LOAD c:/users/kalli/.p2/pool/plugins/fr.ac6.mcu.externaltools.arm-none.win32_1.15.0.201708311556/tools/compiler/bin/../lib/gcc/arm-none-eabi/6.3.1/../../../../arm-none-eabi/lib/thumb/v7e-m/fpv4-sp/hard\libm.a
START GROUP
LOAD c:/users/kalli/.p2/pool/plugins/fr.ac6.mcu.externaltools.arm-none.win32_1.15.0.201708311556/tools/compiler/bin/../lib/gcc/arm-none-eabi/6.3.1/thumb/v7e-m/fpv4-sp/hard\libgcc.a
LOAD c:/users/kalli/.p2/pool/plugins/fr.ac6.mcu.externaltools.arm-none.win32_1.15.0.201708311556/tools/compiler/bin/../lib/gcc/arm-none-eabi/6.3.1/../../../../arm-none-eabi/lib/thumb/v7e-m/fpv4-sp/hard\libc_nano.a
END GROUP
START GROUP
LOAD c:/users/kalli/.p2/pool/plugins/fr.ac6.mcu.externaltools.arm-none.win32_1.15.0.201708311556/tools/compiler/bin/../lib/gcc/arm-none-eabi/6.3.1/thumb/v7e-m/fpv4-sp/hard\libgcc.a
LOAD c:/users/kalli/.p2/pool/plugins/fr.ac6.mcu.externaltools.arm-none.win32_1.15.0.201708311556/tools/compiler/bin/../lib/gcc/arm-none-eabi/6.3.1/../../../../arm-none-eabi/lib/thumb/v7e-m/fpv4-sp/hard\libc_nano.a
LOAD c:/users/kalli/.p2/pool/plugins/fr.ac6.mcu.externaltools.arm-none.win32_1.15.0.201708311556/tools/compiler/bin/../lib/gcc/arm-none-eabi/6.3.1/../../../../arm-none-eabi/lib/thumb/v7e-m/fpv4-sp/hard\libnosys.a
END GROUP
START GROUP
LOAD c:/users/kalli/.p2/pool/plugins/fr.ac6.mcu.externaltools.arm-none.win32_1.15.0.201708311556/tools/compiler/bin/../lib/gcc/arm-none-eabi/6.3.1/thumb/v7e-m/fpv4-sp/hard\libgcc.a
LOAD c:/users/kalli/.p2/pool/plugins/fr.ac6.mcu.externaltools.arm-none.win32_1.15.0.201708311556/tools/compiler/bin/../lib/gcc/arm-none-eabi/6.3.1/../../../../arm-none-eabi/lib/thumb/v7e-m/fpv4-sp/hard\libc_nano.a
LOAD c:/users/kalli/.p2/pool/plugins/fr.ac6.mcu.externaltools.arm-none.win32_1.15.0.201708311556/tools/compiler/bin/../lib/gcc/arm-none-eabi/6.3.1/../../../../arm-none-eabi/lib/thumb/v7e-m/fpv4-sp/hard\libnosys.a
END GROUP
LOAD c:/users/kalli/.p2/pool/plugins/fr.ac6.mcu.externaltools.arm-none.win32_1.15.0.201708311556/tools/compiler/bin/../lib/gcc/arm-none-eabi/6.3.1/thumb/v7e-m/fpv4-sp/hard/crtend.o
LOAD c:/users/kalli/.p2/pool/plugins/fr.ac6.mcu.externaltools.arm-none.win32_1.15.0.201708311556/tools/compiler/bin/../lib/gcc/arm-none-eabi/6.3.1/thumb/v7e-m/fpv4-sp/hard/crtn.o
                0x20020000                _estack = 0x20020000
                0x00002000                _Min_Heap_Size = 0x2000
                0x00004000                _Min_Stack_Size = 0x4000

.isr_vector     0x08000000      0x188
                0x08000000                . = ALIGN (0x4)
 *(.isr_vector)
 .isr_vector    0x08000000      0x188 startup/startup_stm32f407xx.o
                0x08000000                g_pfnVectors
                0x08000188                . = ALIGN (0x4)

.text           0x08000188     0x3e94
                0x08000188                . = ALIGN (0x4)
 *(.text)
 .text          0x08000188       0x6c c:/users/kalli/.p2/pool/plugins/fr.ac6.mcu.externaltools.arm-none.win32_1.15.0.201708311556/tools/compiler/bin/../lib/gcc/arm-none-eabi/6.3.1/thumb/v7e-m/fpv4-sp/hard/crtbegin.o
 .text          0x080001f4      0x370 c:/users/kalli/.p2/pool/plugins/fr.ac6.mcu.externaltools.arm-none.win32_1.15.0.201708311556/tools/compiler/bin/../lib/gcc/arm-none-eabi/6.3.1/thumb/v7e-m/fpv4-sp/hard\libgcc.a(_arm_addsubdf3.o)
                0x080001f4                __aeabi_drsub
                0x080001fc                __aeabi_dsub
                0x080001fc                __subdf3
                0x08000200                __aeabi_dadd
                0x08000200                __adddf3
                0x08000478                __floatunsidf
                0x08000478                __aeabi_ui2d
                0x08000498                __floatsidf
                0x08000498                __aeabi_i2d
                0x080004bc                __aeabi_f2d
                0x080004bc                __extendsfdf2
                0x080004f8                __floatundidf
                0x080004f8                __aeabi_ul2d
                0x08000508                __floatdidf
                0x08000508                __aeabi_l2d
 .text          0x08000564      0x424 c:/users/kalli/.p2/pool/plugins/fr.ac6.mcu.externaltools.arm-none.win32_1.15.0.201708311556/tools/compiler/bin/../lib/gcc/arm-none-eabi/6.3.1/thumb/v7e-m/fpv4-sp/hard\libgcc.a(_arm_muldivdf3.o)
                0x08000564                __aeabi_dmul
                0x08000564                __muldf3
                0x080007b8                __divdf3
                0x080007b8                __aeabi_ddiv
 .text          0x08000988      0x110 c:/users/kalli/.p2/pool/plugins/fr.ac6.mcu.externaltools.arm-none.win32_1.15.0.201708311556/tools/compiler/bin/../lib/gcc/arm-none-eabi/6.3.1/thumb/v7e-m/fpv4-sp/hard\libgcc.a(_arm_cmpdf2.o)
                0x08000988                __gtdf2
                0x08000988                __gedf2
                0x08000990                __ltdf2
                0x08000990                __ledf2
                0x08000998                __nedf2
                0x08000998                __eqdf2
                0x08000998                __cmpdf2
                0x08000a14                __aeabi_cdrcmple
                0x08000a24                __aeabi_cdcmpeq
                0x08000a24                __aeabi_cdcmple
                0x08000a34                __aeabi_dcmpeq
                0x08000a48                __aeabi_dcmplt
                0x08000a5c                __aeabi_dcmple
                0x08000a70                __aeabi_dcmpge
                0x08000a84                __aeabi_dcmpgt
 .text          0x08000a98       0x2c c:/users/kalli/.p2/pool/plugins/fr.ac6.mcu.externaltools.arm-none.win32_1.15.0.201708311556/tools/compiler/bin/../lib/gcc/arm-none-eabi/6.3.1/thumb/v7e-m/fpv4-sp/hard\libgcc.a(_arm_unorddf2.o)
                0x08000a98                __unorddf2
                0x08000a98                __aeabi_dcmpun
 .text          0x08000ac4       0xa0 c:/users/kalli/.p2/pool/plugins/fr.ac6.mcu.externaltools.arm-none.win32_1.15.0.201708311556/tools/compiler/bin/../lib/gcc/arm-none-eabi/6.3.1/thumb/v7e-m/fpv4-sp/hard\libgcc.a(_arm_truncdfsf2.o)
                0x08000ac4                __truncdfsf2
                0x08000ac4                __aeabi_d2f
 *(.text*)
 .text.arm_fir_f32
                0x08000b64      0x40c Drivers/CMSIS/arm_fir_f32.o
                0x08000b64                arm_fir_f32
 .text.arm_fir_init_f32
                0x08000f70       0x22 Drivers/CMSIS/arm_fir_init_f32.o
                0x08000f70                arm_fir_init_f32
 .text.LIS302DL_DeInit
                0x08000f92        0x2 Drivers/CMSIS/lis302dl.o
                0x08000f92                LIS302DL_DeInit
 .text.LIS302DL_Init
                0x08000f94       0x22 Drivers/CMSIS/lis302dl.o
                0x08000f94                LIS302DL_Init
 .text.LIS302DL_ReadID
                0x08000fb6       0x22 Drivers/CMSIS/lis302dl.o
                0x08000fb6                LIS302DL_ReadID
 .text.LIS302DL_FilterConfig
                0x08000fd8       0x34 Drivers/CMSIS/lis302dl.o
                0x08000fd8                LIS302DL_FilterConfig
 .text.LIS302DL_Click_IntClear
                0x0800100c       0x24 Drivers/CMSIS/lis302dl.o
                0x0800100c                LIS302DL_Click_IntClear
 .text.LIS302DL_RebootCmd
                0x08001030       0x2e Drivers/CMSIS/lis302dl.o
                0x08001030                LIS302DL_RebootCmd
 .text.LIS302DL_ReadACC
                0x0800105e       0x68 Drivers/CMSIS/lis302dl.o
                0x0800105e                LIS302DL_ReadACC
 .text.LIS302DL_InterruptConfig
                0x080010c6       0x34 Drivers/CMSIS/lis302dl.o
                0x080010c6                LIS302DL_InterruptConfig
 .text.LIS302DL_Click_IntConfig
                0x080010fa       0xaa Drivers/CMSIS/lis302dl.o
                0x080010fa                LIS302DL_Click_IntConfig
 .text.LIS3DSH_DeInit
                0x080011a4        0x2 Drivers/CMSIS/lis3dsh.o
                0x080011a4                LIS3DSH_DeInit
 .text.LIS3DSH_Init
                0x080011a6       0x34 Drivers/CMSIS/lis3dsh.o
                0x080011a6                LIS3DSH_Init
 .text.LIS3DSH_ReadID
                0x080011da       0x22 Drivers/CMSIS/lis3dsh.o
                0x080011da                LIS3DSH_ReadID
 .text.LIS3DSH_RebootCmd
                0x080011fc       0x2e Drivers/CMSIS/lis3dsh.o
                0x080011fc                LIS3DSH_RebootCmd
 *fill*         0x0800122a        0x2 
 .text.LIS3DSH_ReadACC
                0x0800122c       0xf4 Drivers/CMSIS/lis3dsh.o
                0x0800122c                LIS3DSH_ReadACC
 .text.LIS3DSH_InterruptConfig
                0x08001320       0x4c Drivers/CMSIS/lis3dsh.o
                0x08001320                LIS3DSH_InterruptConfig
 .text.LIS3DSH_Click_IntConfig
                0x0800136c       0xd8 Drivers/CMSIS/lis3dsh.o
                0x0800136c                LIS3DSH_Click_IntConfig
 .text.arm_snr_f32
                0x08001444       0x9c Drivers/CMSIS/math_helper.o
                0x08001444                arm_snr_f32
 .text.SPIx_MspInit
                0x080014e0       0x58 Drivers/CMSIS/stm32f4_discovery.o
 .text.SPIx_Init
                0x08001538       0x4c Drivers/CMSIS/stm32f4_discovery.o
 .text.SPIx_Error
                0x08001584       0x14 Drivers/CMSIS/stm32f4_discovery.o
 .text.SPIx_WriteRead
                0x08001598       0x3c Drivers/CMSIS/stm32f4_discovery.o
 .text.ACCELERO_IO_Init
                0x080015d4       0x4c Drivers/CMSIS/stm32f4_discovery.o
                0x080015d4                ACCELERO_IO_Init
 .text.ACCELERO_IO_ITConfig
                0x08001620       0x50 Drivers/CMSIS/stm32f4_discovery.o
                0x08001620                ACCELERO_IO_ITConfig
 .text.ACCELERO_IO_Write
                0x08001670       0x44 Drivers/CMSIS/stm32f4_discovery.o
                0x08001670                ACCELERO_IO_Write
 .text.ACCELERO_IO_Read
                0x080016b4       0x48 Drivers/CMSIS/stm32f4_discovery.o
                0x080016b4                ACCELERO_IO_Read
 .text.BSP_ACCELERO_Init
                0x080016fc       0x50 Drivers/CMSIS/stm32f4_discovery_accelerometer.o
                0x080016fc                BSP_ACCELERO_Init
 .text.BSP_ACCELERO_GetXYZ
                0x0800174c       0x38 Drivers/CMSIS/stm32f4_discovery_accelerometer.o
                0x0800174c                BSP_ACCELERO_GetXYZ
 .text.BSP_AUDIO_OUT_TransferComplete_CallBack
                0x08001784        0x2 Drivers/CMSIS/stm32f4_discovery_audio.o
                0x08001784                BSP_AUDIO_OUT_TransferComplete_CallBack
 *fill*         0x08001786        0x2 
 .text.HAL_I2S_TxCpltCallback
                0x08001788       0x18 Drivers/CMSIS/stm32f4_discovery_audio.o
                0x08001788                HAL_I2S_TxCpltCallback
 .text.BSP_AUDIO_OUT_Error_CallBack
                0x080017a0        0x2 Drivers/CMSIS/stm32f4_discovery_audio.o
                0x080017a0                BSP_AUDIO_OUT_Error_CallBack
 .text.BSP_AUDIO_IN_TransferComplete_CallBack
                0x080017a2        0x2 Drivers/CMSIS/stm32f4_discovery_audio.o
                0x080017a2                BSP_AUDIO_IN_TransferComplete_CallBack
 .text.HAL_I2S_RxCpltCallback
                0x080017a4        0x8 Drivers/CMSIS/stm32f4_discovery_audio.o
                0x080017a4                HAL_I2S_RxCpltCallback
 .text.BSP_AUDIO_IN_Error_Callback
                0x080017ac        0x2 Drivers/CMSIS/stm32f4_discovery_audio.o
                0x080017ac                BSP_AUDIO_IN_Error_Callback
 *fill*         0x080017ae        0x2 
 .text.HAL_I2S_ErrorCallback
                0x080017b0       0x2c Drivers/CMSIS/stm32f4_discovery_audio.o
                0x080017b0                HAL_I2S_ErrorCallback
 .text.HAL_InitTick
                0x080017dc       0x2c Drivers/STM32F4xx_HAL_Driver/Src/stm32f4xx_hal.o
                0x080017dc                HAL_InitTick
 .text.HAL_Init
                0x08001808       0x34 Drivers/STM32F4xx_HAL_Driver/Src/stm32f4xx_hal.o
                0x08001808                HAL_Init
 .text.HAL_IncTick
                0x0800183c       0x10 Drivers/STM32F4xx_HAL_Driver/Src/stm32f4xx_hal.o
                0x0800183c                HAL_IncTick
 .text.HAL_GetTick
                0x0800184c        0xc Drivers/STM32F4xx_HAL_Driver/Src/stm32f4xx_hal.o
                0x0800184c                HAL_GetTick
 .text.HAL_Delay
                0x08001858       0x24 Drivers/STM32F4xx_HAL_Driver/Src/stm32f4xx_hal.o
                0x08001858                HAL_Delay
 .text.HAL_NVIC_SetPriorityGrouping
                0x0800187c       0x24 Drivers/STM32F4xx_HAL_Driver/Src/stm32f4xx_hal_cortex.o
                0x0800187c                HAL_NVIC_SetPriorityGrouping
 .text.HAL_NVIC_SetPriority
                0x080018a0       0x64 Drivers/STM32F4xx_HAL_Driver/Src/stm32f4xx_hal_cortex.o
                0x080018a0                HAL_NVIC_SetPriority
 .text.HAL_NVIC_EnableIRQ
                0x08001904       0x18 Drivers/STM32F4xx_HAL_Driver/Src/stm32f4xx_hal_cortex.o
                0x08001904                HAL_NVIC_EnableIRQ
 .text.HAL_SYSTICK_Config
                0x0800191c       0x2c Drivers/STM32F4xx_HAL_Driver/Src/stm32f4xx_hal_cortex.o
                0x0800191c                HAL_SYSTICK_Config
 .text.HAL_SYSTICK_CLKSourceConfig
                0x08001948       0x20 Drivers/STM32F4xx_HAL_Driver/Src/stm32f4xx_hal_cortex.o
                0x08001948                HAL_SYSTICK_CLKSourceConfig
 .text.HAL_SYSTICK_Callback
                0x08001968        0x2 Drivers/STM32F4xx_HAL_Driver/Src/stm32f4xx_hal_cortex.o
                0x08001968                HAL_SYSTICK_Callback
 .text.HAL_SYSTICK_IRQHandler
                0x0800196a        0x8 Drivers/STM32F4xx_HAL_Driver/Src/stm32f4xx_hal_cortex.o
                0x0800196a                HAL_SYSTICK_IRQHandler
 *fill*         0x08001972        0x2 
 .text.HAL_GPIO_Init
                0x08001974      0x1cc Drivers/STM32F4xx_HAL_Driver/Src/stm32f4xx_hal_gpio.o
                0x08001974                HAL_GPIO_Init
 .text.HAL_GPIO_DeInit
                0x08001b40      0x120 Drivers/STM32F4xx_HAL_Driver/Src/stm32f4xx_hal_gpio.o
                0x08001b40                HAL_GPIO_DeInit
 .text.HAL_GPIO_WritePin
                0x08001c60        0xc Drivers/STM32F4xx_HAL_Driver/Src/stm32f4xx_hal_gpio.o
                0x08001c60                HAL_GPIO_WritePin
 .text.HAL_HCD_Init
                0x08001c6c       0x78 Drivers/STM32F4xx_HAL_Driver/Src/stm32f4xx_hal_hcd.o
                0x08001c6c                HAL_HCD_Init
 .text.HAL_I2C_Init
                0x08001ce4      0x11c Drivers/STM32F4xx_HAL_Driver/Src/stm32f4xx_hal_i2c.o
                0x08001ce4                HAL_I2C_Init
 .text.I2S_Transmit_IT
                0x08001e00       0x3a Drivers/STM32F4xx_HAL_Driver/Src/stm32f4xx_hal_i2s.o
 .text.I2S_Receive_IT
                0x08001e3a       0x3a Drivers/STM32F4xx_HAL_Driver/Src/stm32f4xx_hal_i2s.o
 .text.HAL_I2S_Init
                0x08001e74      0x194 Drivers/STM32F4xx_HAL_Driver/Src/stm32f4xx_hal_i2s.o
                0x08001e74                HAL_I2S_Init
 .text.I2S_IRQHandler
                0x08002008       0xd8 Drivers/STM32F4xx_HAL_Driver/Src/stm32f4xx_hal_i2s.o
 .text.HAL_I2SEx_TxRxCpltCallback
                0x080020e0        0x2 Drivers/STM32F4xx_HAL_Driver/Src/stm32f4xx_hal_i2s_ex.o
                0x080020e0                HAL_I2SEx_TxRxCpltCallback
 *fill*         0x080020e2        0x2 
 .text.I2SEx_FullDuplexTx_IT
                0x080020e4       0xa4 Drivers/STM32F4xx_HAL_Driver/Src/stm32f4xx_hal_i2s_ex.o
 .text.I2SEx_FullDuplexRx_IT
                0x08002188       0xa4 Drivers/STM32F4xx_HAL_Driver/Src/stm32f4xx_hal_i2s_ex.o
 .text.HAL_I2SEx_FullDuplex_IRQHandler
                0x0800222c      0x208 Drivers/STM32F4xx_HAL_Driver/Src/stm32f4xx_hal_i2s_ex.o
                0x0800222c                HAL_I2SEx_FullDuplex_IRQHandler
 .text.HAL_RCC_OscConfig
                0x08002434      0x3b0 Drivers/STM32F4xx_HAL_Driver/Src/stm32f4xx_hal_rcc.o
                0x08002434                HAL_RCC_OscConfig
 .text.HAL_RCC_GetSysClockFreq
                0x080027e4       0x94 Drivers/STM32F4xx_HAL_Driver/Src/stm32f4xx_hal_rcc.o
                0x080027e4                HAL_RCC_GetSysClockFreq
 .text.HAL_RCC_ClockConfig
                0x08002878      0x19c Drivers/STM32F4xx_HAL_Driver/Src/stm32f4xx_hal_rcc.o
                0x08002878                HAL_RCC_ClockConfig
 .text.HAL_RCC_GetHCLKFreq
                0x08002a14        0xc Drivers/STM32F4xx_HAL_Driver/Src/stm32f4xx_hal_rcc.o
                0x08002a14                HAL_RCC_GetHCLKFreq
 .text.HAL_RCC_GetPCLK1Freq
                0x08002a20       0x2c Drivers/STM32F4xx_HAL_Driver/Src/stm32f4xx_hal_rcc.o
                0x08002a20                HAL_RCC_GetPCLK1Freq
 .text.HAL_RCCEx_PeriphCLKConfig
                0x08002a4c      0x170 Drivers/STM32F4xx_HAL_Driver/Src/stm32f4xx_hal_rcc_ex.o
                0x08002a4c                HAL_RCCEx_PeriphCLKConfig
 .text.HAL_RCCEx_GetPeriphCLKFreq
                0x08002bbc       0x74 Drivers/STM32F4xx_HAL_Driver/Src/stm32f4xx_hal_rcc_ex.o
                0x08002bbc                HAL_RCCEx_GetPeriphCLKFreq
 .text.SPI_WaitFlagStateUntilTimeout
                0x08002c30       0x96 Drivers/STM32F4xx_HAL_Driver/Src/stm32f4xx_hal_spi.o
 .text.SPI_CheckFlag_BSY
                0x08002cc6       0x26 Drivers/STM32F4xx_HAL_Driver/Src/stm32f4xx_hal_spi.o
 .text.HAL_SPI_Init
                0x08002cec       0x80 Drivers/STM32F4xx_HAL_Driver/Src/stm32f4xx_hal_spi.o
                0x08002cec                HAL_SPI_Init
 .text.HAL_SPI_DeInit
                0x08002d6c       0x2c Drivers/STM32F4xx_HAL_Driver/Src/stm32f4xx_hal_spi.o
                0x08002d6c                HAL_SPI_DeInit
 .text.HAL_SPI_TransmitReceive
                0x08002d98      0x242 Drivers/STM32F4xx_HAL_Driver/Src/stm32f4xx_hal_spi.o
                0x08002d98                HAL_SPI_TransmitReceive
 .text.HAL_SPI_GetState
                0x08002fda        0x6 Drivers/STM32F4xx_HAL_Driver/Src/stm32f4xx_hal_spi.o
                0x08002fda                HAL_SPI_GetState
 .text.USB_CoreInit
                0x08002fe0       0x7c Drivers/STM32F4xx_HAL_Driver/Src/stm32f4xx_ll_usb.o
                0x08002fe0                USB_CoreInit
 .text.USB_DisableGlobalInt
                0x0800305c        0xc Drivers/STM32F4xx_HAL_Driver/Src/stm32f4xx_ll_usb.o
                0x0800305c                USB_DisableGlobalInt
 .text.USB_SetCurrentMode
                0x08003068       0x2c Drivers/STM32F4xx_HAL_Driver/Src/stm32f4xx_ll_usb.o
                0x08003068                USB_SetCurrentMode
 .text.USB_FlushTxFifo
                0x08003094       0x28 Drivers/STM32F4xx_HAL_Driver/Src/stm32f4xx_ll_usb.o
                0x08003094                USB_FlushTxFifo
 .text.USB_FlushRxFifo
                0x080030bc       0x24 Drivers/STM32F4xx_HAL_Driver/Src/stm32f4xx_ll_usb.o
                0x080030bc                USB_FlushRxFifo
 .text.USB_CoreReset
                0x080030e0       0x3c Drivers/STM32F4xx_HAL_Driver/Src/stm32f4xx_ll_usb.o
 .text.USB_HostInit
                0x0800311c       0xec Drivers/STM32F4xx_HAL_Driver/Src/stm32f4xx_ll_usb.o
                0x0800311c                USB_HostInit
 .text.USB_DriveVbus
                0x08003208       0x42 Drivers/STM32F4xx_HAL_Driver/Src/stm32f4xx_ll_usb.o
                0x08003208                USB_DriveVbus
 *fill*         0x0800324a        0x2 
 .text.MX_GPIO_Init
                0x0800324c       0xe4 Src/main.o
 .text._Error_Handler
                0x08003330        0x2 Src/main.o
                0x08003330                _Error_Handler
 *fill*         0x08003332        0x2 
 .text.MX_SPI1_Init
                0x08003334       0x4c Src/main.o
 .text.MX_USB_OTG_FS_HCD_Init
                0x08003380       0x38 Src/main.o
 .text.MX_I2C1_Init
                0x080033b8       0x44 Src/main.o
 .text.MX_I2S3_Init
                0x080033fc       0x44 Src/main.o
 .text.SystemClock_Config
                0x08003440       0xe8 Src/main.o
                0x08003440                SystemClock_Config
 .text.main     0x08003528      0x130 Src/main.o
                0x08003528                main
 .text.HAL_MspInit
                0x08003658       0x6e Src/stm32f4xx_hal_msp.o
                0x08003658                HAL_MspInit
 *fill*         0x080036c6        0x2 
 .text.HAL_I2C_MspInit
                0x080036c8       0x58 Src/stm32f4xx_hal_msp.o
                0x080036c8                HAL_I2C_MspInit
 .text.HAL_I2S_MspInit
                0x08003720       0x80 Src/stm32f4xx_hal_msp.o
                0x08003720                HAL_I2S_MspInit
 .text.HAL_SPI_MspInit
                0x080037a0       0x50 Src/stm32f4xx_hal_msp.o
                0x080037a0                HAL_SPI_MspInit
 .text.HAL_SPI_MspDeInit
                0x080037f0       0x2c Src/stm32f4xx_hal_msp.o
                0x080037f0                HAL_SPI_MspDeInit
 .text.HAL_HCD_MspInit
                0x0800381c       0x58 Src/stm32f4xx_hal_msp.o
                0x0800381c                HAL_HCD_MspInit
 .text.NMI_Handler
                0x08003874        0x2 Src/stm32f4xx_it.o
                0x08003874                NMI_Handler
 .text.HardFault_Handler
                0x08003876        0x2 Src/stm32f4xx_it.o
                0x08003876                HardFault_Handler
 .text.MemManage_Handler
                0x08003878        0x2 Src/stm32f4xx_it.o
                0x08003878                MemManage_Handler
 .text.BusFault_Handler
                0x0800387a        0x2 Src/stm32f4xx_it.o
                0x0800387a                BusFault_Handler
 .text.UsageFault_Handler
                0x0800387c        0x2 Src/stm32f4xx_it.o
                0x0800387c                UsageFault_Handler
 .text.SVC_Handler
                0x0800387e        0x2 Src/stm32f4xx_it.o
                0x0800387e                SVC_Handler
 .text.DebugMon_Handler
                0x08003880        0x2 Src/stm32f4xx_it.o
                0x08003880                DebugMon_Handler
 .text.PendSV_Handler
                0x08003882        0x2 Src/stm32f4xx_it.o
                0x08003882                PendSV_Handler
 .text.SysTick_Handler
                0x08003884        0xc Src/stm32f4xx_it.o
                0x08003884                SysTick_Handler
 .text.RCC_IRQHandler
                0x08003890        0x2 Src/stm32f4xx_it.o
                0x08003890                RCC_IRQHandler
 *fill*         0x08003892        0x2 
 .text.SystemInit
                0x08003894       0x4c Src/system_stm32f4xx.o
                0x08003894                SystemInit
 .text.Reset_Handler
                0x080038e0       0x50 startup/startup_stm32f407xx.o
                0x080038e0                Reset_Handler
 .text.Default_Handler
                0x08003930        0x2 startup/startup_stm32f407xx.o
                0x08003930                RTC_Alarm_IRQHandler
                0x08003930                HASH_RNG_IRQHandler
                0x08003930                EXTI2_IRQHandler
                0x08003930                TIM8_CC_IRQHandler
                0x08003930                TIM1_CC_IRQHandler
                0x08003930                DMA2_Stream5_IRQHandler
                0x08003930                DMA1_Stream5_IRQHandler
                0x08003930                PVD_IRQHandler
                0x08003930                SDIO_IRQHandler
                0x08003930                TAMP_STAMP_IRQHandler
                0x08003930                CAN2_RX1_IRQHandler
                0x08003930                EXTI3_IRQHandler
                0x08003930                TIM8_TRG_COM_TIM14_IRQHandler
                0x08003930                TIM1_UP_TIM10_IRQHandler
                0x08003930                TIM8_UP_TIM13_IRQHandler
                0x08003930                I2C3_ER_IRQHandler
                0x08003930                EXTI0_IRQHandler
                0x08003930                I2C2_EV_IRQHandler
                0x08003930                DMA1_Stream2_IRQHandler
                0x08003930                CAN1_RX0_IRQHandler
                0x08003930                FPU_IRQHandler
                0x08003930                OTG_HS_WKUP_IRQHandler
                0x08003930                CAN2_SCE_IRQHandler
                0x08003930                DMA2_Stream2_IRQHandler
                0x08003930                SPI1_IRQHandler
                0x08003930                TIM6_DAC_IRQHandler
                0x08003930                TIM1_BRK_TIM9_IRQHandler
                0x08003930                DCMI_IRQHandler
                0x08003930                CAN2_RX0_IRQHandler
                0x08003930                DMA2_Stream3_IRQHandler
                0x08003930                USART6_IRQHandler
                0x08003930                USART3_IRQHandler
                0x08003930                CAN1_RX1_IRQHandler
                0x08003930                UART5_IRQHandler
                0x08003930                DMA2_Stream0_IRQHandler
                0x08003930                TIM4_IRQHandler
                0x08003930                I2C1_EV_IRQHandler
                0x08003930                DMA1_Stream6_IRQHandler
                0x08003930                DMA1_Stream1_IRQHandler
                0x08003930                UART4_IRQHandler
                0x08003930                TIM3_IRQHandler
                0x08003930                TIM8_BRK_TIM12_IRQHandler
                0x08003930                Default_Handler
                0x08003930                EXTI15_10_IRQHandler
                0x08003930                ADC_IRQHandler
                0x08003930                DMA1_Stream7_IRQHandler
                0x08003930                TIM7_IRQHandler
                0x08003930                CAN2_TX_IRQHandler
                0x08003930                TIM5_IRQHandler
                0x08003930                DMA2_Stream7_IRQHandler
                0x08003930                I2C3_EV_IRQHandler
                0x08003930                EXTI9_5_IRQHandler
                0x08003930                RTC_WKUP_IRQHandler
                0x08003930                ETH_WKUP_IRQHandler
                0x08003930                SPI2_IRQHandler
                0x08003930                OTG_HS_EP1_IN_IRQHandler
                0x08003930                DMA1_Stream0_IRQHandler
                0x08003930                CAN1_TX_IRQHandler
                0x08003930                EXTI4_IRQHandler
                0x08003930                FSMC_IRQHandler
                0x08003930                ETH_IRQHandler
                0x08003930                OTG_HS_EP1_OUT_IRQHandler
                0x08003930                WWDG_IRQHandler
                0x08003930                TIM2_IRQHandler
                0x08003930                OTG_FS_WKUP_IRQHandler
                0x08003930                TIM1_TRG_COM_TIM11_IRQHandler
                0x08003930                OTG_HS_IRQHandler
                0x08003930                EXTI1_IRQHandler
                0x08003930                USART2_IRQHandler
                0x08003930                I2C2_ER_IRQHandler
                0x08003930                DMA2_Stream1_IRQHandler
                0x08003930                CAN1_SCE_IRQHandler
                0x08003930                FLASH_IRQHandler
                0x08003930                DMA2_Stream4_IRQHandler
                0x08003930                USART1_IRQHandler
                0x08003930                OTG_FS_IRQHandler
                0x08003930                SPI3_IRQHandler
                0x08003930                DMA1_Stream4_IRQHandler
                0x08003930                I2C1_ER_IRQHandler
                0x08003930                DMA2_Stream6_IRQHandler
                0x08003930                DMA1_Stream3_IRQHandler
 *fill*         0x08003932        0x2 
 .text.log10    0x08003934      0x108 c:/users/kalli/.p2/pool/plugins/fr.ac6.mcu.externaltools.arm-none.win32_1.15.0.201708311556/tools/compiler/bin/../lib/gcc/arm-none-eabi/6.3.1/../../../../arm-none-eabi/lib/thumb/v7e-m/fpv4-sp/hard\libm.a(lib_a-w_log10.o)
                0x08003934                log10
 *fill*         0x08003a3c        0x4 
 .text.__ieee754_log10
                0x08003a40      0x144 c:/users/kalli/.p2/pool/plugins/fr.ac6.mcu.externaltools.arm-none.win32_1.15.0.201708311556/tools/compiler/bin/../lib/gcc/arm-none-eabi/6.3.1/../../../../arm-none-eabi/lib/thumb/v7e-m/fpv4-sp/hard\libm.a(lib_a-e_log10.o)
                0x08003a40                __ieee754_log10
 .text.matherr  0x08003b84        0x4 c:/users/kalli/.p2/pool/plugins/fr.ac6.mcu.externaltools.arm-none.win32_1.15.0.201708311556/tools/compiler/bin/../lib/gcc/arm-none-eabi/6.3.1/../../../../arm-none-eabi/lib/thumb/v7e-m/fpv4-sp/hard\libm.a(lib_a-s_matherr.o)
                0x08003b84                matherr
 .text.nan      0x08003b88       0x10 c:/users/kalli/.p2/pool/plugins/fr.ac6.mcu.externaltools.arm-none.win32_1.15.0.201708311556/tools/compiler/bin/../lib/gcc/arm-none-eabi/6.3.1/../../../../arm-none-eabi/lib/thumb/v7e-m/fpv4-sp/hard\libm.a(lib_a-s_nan.o)
                0x08003b88                nan
 .text.__ieee754_log
                0x08003b98      0x408 c:/users/kalli/.p2/pool/plugins/fr.ac6.mcu.externaltools.arm-none.win32_1.15.0.201708311556/tools/compiler/bin/../lib/gcc/arm-none-eabi/6.3.1/../../../../arm-none-eabi/lib/thumb/v7e-m/fpv4-sp/hard\libm.a(lib_a-e_log.o)
                0x08003b98                __ieee754_log
 .text.__errno  0x08003fa0        0xc c:/users/kalli/.p2/pool/plugins/fr.ac6.mcu.externaltools.arm-none.win32_1.15.0.201708311556/tools/compiler/bin/../lib/gcc/arm-none-eabi/6.3.1/../../../../arm-none-eabi/lib/thumb/v7e-m/fpv4-sp/hard\libc_nano.a(lib_a-errno.o)
                0x08003fa0                __errno
 .text.__libc_init_array
                0x08003fac       0x48 c:/users/kalli/.p2/pool/plugins/fr.ac6.mcu.externaltools.arm-none.win32_1.15.0.201708311556/tools/compiler/bin/../lib/gcc/arm-none-eabi/6.3.1/../../../../arm-none-eabi/lib/thumb/v7e-m/fpv4-sp/hard\libc_nano.a(lib_a-init.o)
                0x08003fac                __libc_init_array
 .text.memset   0x08003ff4       0x10 c:/users/kalli/.p2/pool/plugins/fr.ac6.mcu.externaltools.arm-none.win32_1.15.0.201708311556/tools/compiler/bin/../lib/gcc/arm-none-eabi/6.3.1/../../../../arm-none-eabi/lib/thumb/v7e-m/fpv4-sp/hard\libc_nano.a(lib_a-memset.o)
                0x08003ff4                memset
 *(.glue_7)
 .glue_7        0x08004004        0x0 linker stubs
 *(.glue_7t)
 .glue_7t       0x08004004        0x0 linker stubs
 *(.eh_frame)
 .eh_frame      0x08004004        0x0 c:/users/kalli/.p2/pool/plugins/fr.ac6.mcu.externaltools.arm-none.win32_1.15.0.201708311556/tools/compiler/bin/../lib/gcc/arm-none-eabi/6.3.1/thumb/v7e-m/fpv4-sp/hard/crtbegin.o
 *(.init)
 .init          0x08004004        0x4 c:/users/kalli/.p2/pool/plugins/fr.ac6.mcu.externaltools.arm-none.win32_1.15.0.201708311556/tools/compiler/bin/../lib/gcc/arm-none-eabi/6.3.1/thumb/v7e-m/fpv4-sp/hard/crti.o
                0x08004004                _init
 .init          0x08004008        0x8 c:/users/kalli/.p2/pool/plugins/fr.ac6.mcu.externaltools.arm-none.win32_1.15.0.201708311556/tools/compiler/bin/../lib/gcc/arm-none-eabi/6.3.1/thumb/v7e-m/fpv4-sp/hard/crtn.o
 *(.fini)
 .fini          0x08004010        0x4 c:/users/kalli/.p2/pool/plugins/fr.ac6.mcu.externaltools.arm-none.win32_1.15.0.201708311556/tools/compiler/bin/../lib/gcc/arm-none-eabi/6.3.1/thumb/v7e-m/fpv4-sp/hard/crti.o
                0x08004010                _fini
 .fini          0x08004014        0x8 c:/users/kalli/.p2/pool/plugins/fr.ac6.mcu.externaltools.arm-none.win32_1.15.0.201708311556/tools/compiler/bin/../lib/gcc/arm-none-eabi/6.3.1/thumb/v7e-m/fpv4-sp/hard/crtn.o
                0x0800401c                . = ALIGN (0x4)
                0x0800401c                _etext = .

.vfp11_veneer   0x0800401c        0x0
 .vfp11_veneer  0x0800401c        0x0 linker stubs

.v4_bx          0x0800401c        0x0
 .v4_bx         0x0800401c        0x0 linker stubs

.iplt           0x0800401c        0x0
 .iplt          0x0800401c        0x0 c:/users/kalli/.p2/pool/plugins/fr.ac6.mcu.externaltools.arm-none.win32_1.15.0.201708311556/tools/compiler/bin/../lib/gcc/arm-none-eabi/6.3.1/thumb/v7e-m/fpv4-sp/hard/crtbegin.o

.rodata         0x0800401c       0xa8
                0x0800401c                . = ALIGN (0x4)
 *(.rodata)
 .rodata        0x0800401c       0x74 Src/main.o
                0x0800401c                firCoeffs32
 .rodata        0x08004090       0x18 Src/system_stm32f4xx.o
                0x08004090                AHBPrescTable
                0x080040a0                APBPrescTable
 *(.rodata*)
 .rodata.str1.4
                0x080040a8        0xe Src/main.o
 *fill*         0x080040b6        0x2 
 .rodata.log10.str1.4
                0x080040b8        0xc c:/users/kalli/.p2/pool/plugins/fr.ac6.mcu.externaltools.arm-none.win32_1.15.0.201708311556/tools/compiler/bin/../lib/gcc/arm-none-eabi/6.3.1/../../../../arm-none-eabi/lib/thumb/v7e-m/fpv4-sp/hard\libm.a(lib_a-w_log10.o)
                                  0x9 (size before relaxing)
                0x080040c4                . = ALIGN (0x4)

.rel.dyn        0x080040c4        0x0
 .rel.iplt      0x080040c4        0x0 c:/users/kalli/.p2/pool/plugins/fr.ac6.mcu.externaltools.arm-none.win32_1.15.0.201708311556/tools/compiler/bin/../lib/gcc/arm-none-eabi/6.3.1/thumb/v7e-m/fpv4-sp/hard/crtbegin.o

.ARM.extab
 *(.ARM.extab* .gnu.linkonce.armextab.*)

.ARM            0x080040c4        0x0
                0x080040c4                __exidx_start = .
 *(.ARM.exidx*)
                0x080040c4                __exidx_end = .

.preinit_array  0x080040c4        0x0
                0x080040c4                PROVIDE (__preinit_array_start, .)
 *(.preinit_array*)
                0x080040c4                PROVIDE (__preinit_array_end, .)

.init_array     0x080040c4        0x4
                0x080040c4                PROVIDE (__init_array_start, .)
 *(SORT(.init_array.*))
 *(.init_array*)
 .init_array    0x080040c4        0x4 c:/users/kalli/.p2/pool/plugins/fr.ac6.mcu.externaltools.arm-none.win32_1.15.0.201708311556/tools/compiler/bin/../lib/gcc/arm-none-eabi/6.3.1/thumb/v7e-m/fpv4-sp/hard/crtbegin.o
                0x080040c8                PROVIDE (__init_array_end, .)

.fini_array     0x080040c8        0x4
                [!provide]                PROVIDE (__fini_array_start, .)
 *(SORT(.fini_array.*))
 *(.fini_array*)
 .fini_array    0x080040c8        0x4 c:/users/kalli/.p2/pool/plugins/fr.ac6.mcu.externaltools.arm-none.win32_1.15.0.201708311556/tools/compiler/bin/../lib/gcc/arm-none-eabi/6.3.1/thumb/v7e-m/fpv4-sp/hard/crtbegin.o
                [!provide]                PROVIDE (__fini_array_end, .)
                0x080040cc                _sidata = LOADADDR (.data)

.data           0x20000000      0xaf8 load address 0x080040cc
                0x20000000                . = ALIGN (0x4)
                0x20000000                _sdata = .
 *(.data)
 .data          0x20000000      0xa00 Drivers/CMSIS/arm_fir_data.o
                0x20000000                refOutput
                0x20000500                testInput_f32_1kHz_15kHz
 .data          0x20000a00       0x34 Drivers/CMSIS/lis302dl.o
                0x20000a00                Lis302dlDrv
 .data          0x20000a34       0x34 Drivers/CMSIS/lis3dsh.o
                0x20000a34                Lis3dshDrv
 .data          0x20000a68       0x1c Drivers/CMSIS/stm32f4_discovery.o
                0x20000a68                SpixTimeout
                0x20000a6c                I2cxTimeout
                0x20000a70                GPIO_PORT
                0x20000a80                BUTTON_PORT
 .data          0x20000a84        0x8 Src/main.o
                0x20000a84                blockSize
                0x20000a88                numBlocks
 .data          0x20000a8c        0x4 Src/system_stm32f4xx.o
                0x20000a8c                SystemCoreClock
 *(.data*)
 .data.__fdlib_version
                0x20000a90        0x1 c:/users/kalli/.p2/pool/plugins/fr.ac6.mcu.externaltools.arm-none.win32_1.15.0.201708311556/tools/compiler/bin/../lib/gcc/arm-none-eabi/6.3.1/../../../../arm-none-eabi/lib/thumb/v7e-m/fpv4-sp/hard\libm.a(lib_a-s_lib_ver.o)
                0x20000a90                __fdlib_version
 *fill*         0x20000a91        0x3 
 .data._impure_ptr
                0x20000a94        0x4 c:/users/kalli/.p2/pool/plugins/fr.ac6.mcu.externaltools.arm-none.win32_1.15.0.201708311556/tools/compiler/bin/../lib/gcc/arm-none-eabi/6.3.1/../../../../arm-none-eabi/lib/thumb/v7e-m/fpv4-sp/hard\libc_nano.a(lib_a-impure.o)
                0x20000a94                _impure_ptr
 .data.impure_data
                0x20000a98       0x60 c:/users/kalli/.p2/pool/plugins/fr.ac6.mcu.externaltools.arm-none.win32_1.15.0.201708311556/tools/compiler/bin/../lib/gcc/arm-none-eabi/6.3.1/../../../../arm-none-eabi/lib/thumb/v7e-m/fpv4-sp/hard\libc_nano.a(lib_a-impure.o)
                0x20000af8                . = ALIGN (0x4)
                0x20000af8                _edata = .
                0x08004bc4                _siccmram = LOADADDR (.ccmram)

.jcr            0x20000af8        0x0 load address 0x08004bc4
 .jcr           0x20000af8        0x0 c:/users/kalli/.p2/pool/plugins/fr.ac6.mcu.externaltools.arm-none.win32_1.15.0.201708311556/tools/compiler/bin/../lib/gcc/arm-none-eabi/6.3.1/thumb/v7e-m/fpv4-sp/hard/crtbegin.o

.igot.plt       0x20000af8        0x0 load address 0x08004bc4
 .igot.plt      0x20000af8        0x0 c:/users/kalli/.p2/pool/plugins/fr.ac6.mcu.externaltools.arm-none.win32_1.15.0.201708311556/tools/compiler/bin/../lib/gcc/arm-none-eabi/6.3.1/thumb/v7e-m/fpv4-sp/hard/crtbegin.o

.ccmram         0x10000000        0x0 load address 0x08004bc4
                0x10000000                . = ALIGN (0x4)
                0x10000000                _sccmram = .
 *(.ccmram)
 *(.ccmram*)
                0x10000000                . = ALIGN (0x4)
                0x10000000                _eccmram = .
                0x10000000                . = ALIGN (0x4)

.bss            0x20000af8      0xa4c
                0x20000af8                _sbss = .
                0x20000af8                __bss_start__ = _sbss
 *(.bss)
 .bss           0x20000af8       0x1c c:/users/kalli/.p2/pool/plugins/fr.ac6.mcu.externaltools.arm-none.win32_1.15.0.201708311556/tools/compiler/bin/../lib/gcc/arm-none-eabi/6.3.1/thumb/v7e-m/fpv4-sp/hard/crtbegin.o
 .bss           0x20000b14       0xac Drivers/CMSIS/stm32f4_discovery.o
 .bss           0x20000bc0        0x4 Drivers/CMSIS/stm32f4_discovery_accelerometer.o
 .bss           0x20000bc4      0x5f0 Src/main.o
 *(.bss*)
 *(COMMON)
 COMMON         0x200011b4        0x4 Drivers/STM32F4xx_HAL_Driver/Src/stm32f4xx_hal.o
                0x200011b4                uwTick
 COMMON         0x200011b8      0x38c Src/main.o
                0x200011b8                hi2c1
                0x2000120c                hspi1
                0x20001264                hhcd_USB_OTG_FS
                0x200014fc                hi2s3
                0x20001544                . = ALIGN (0x4)
                0x20001544                _ebss = .
                0x20001544                __bss_end__ = _ebss

._user_heap_stack
                0x20001544     0x6004
                0x20001548                . = ALIGN (0x8)
 *fill*         0x20001544        0x4 
                [!provide]                PROVIDE (end, .)
                [!provide]                PROVIDE (_end, .)
                0x20003548                . = (. + _Min_Heap_Size)
 *fill*         0x20001548     0x2000 
                0x20007548                . = (. + _Min_Stack_Size)
 *fill*         0x20003548     0x4000 
                0x20007548                . = ALIGN (0x8)

/DISCARD/
 libc.a(*)
 libm.a(*)
 libgcc.a(*)

.ARM.attributes
                0x00000000       0x30
 *(.ARM.attributes)
 .ARM.attributes
                0x00000000       0x22 c:/users/kalli/.p2/pool/plugins/fr.ac6.mcu.externaltools.arm-none.win32_1.15.0.201708311556/tools/compiler/bin/../lib/gcc/arm-none-eabi/6.3.1/thumb/v7e-m/fpv4-sp/hard/crti.o
 .ARM.attributes
                0x00000022       0x34 c:/users/kalli/.p2/pool/plugins/fr.ac6.mcu.externaltools.arm-none.win32_1.15.0.201708311556/tools/compiler/bin/../lib/gcc/arm-none-eabi/6.3.1/thumb/v7e-m/fpv4-sp/hard/crtbegin.o
 .ARM.attributes
                0x00000056       0x39 Drivers/CMSIS/arm_fir_data.o
 .ARM.attributes
                0x0000008f       0x39 Drivers/CMSIS/arm_fir_f32.o
 .ARM.attributes
                0x000000c8       0x39 Drivers/CMSIS/arm_fir_init_f32.o
 .ARM.attributes
                0x00000101       0x39 Drivers/CMSIS/lis302dl.o
 .ARM.attributes
                0x0000013a       0x39 Drivers/CMSIS/lis3dsh.o
 .ARM.attributes
                0x00000173       0x39 Drivers/CMSIS/math_helper.o
 .ARM.attributes
                0x000001ac       0x39 Drivers/CMSIS/stm32f4_discovery.o
 .ARM.attributes
                0x000001e5       0x39 Drivers/CMSIS/stm32f4_discovery_accelerometer.o
 .ARM.attributes
                0x0000021e       0x39 Drivers/CMSIS/stm32f4_discovery_audio.o
 .ARM.attributes
                0x00000257       0x39 Drivers/STM32F4xx_HAL_Driver/Src/stm32f4xx_hal.o
 .ARM.attributes
                0x00000290       0x39 Drivers/STM32F4xx_HAL_Driver/Src/stm32f4xx_hal_cortex.o
 .ARM.attributes
                0x000002c9       0x39 Drivers/STM32F4xx_HAL_Driver/Src/stm32f4xx_hal_gpio.o
 .ARM.attributes
                0x00000302       0x39 Drivers/STM32F4xx_HAL_Driver/Src/stm32f4xx_hal_hcd.o
 .ARM.attributes
                0x0000033b       0x39 Drivers/STM32F4xx_HAL_Driver/Src/stm32f4xx_hal_i2c.o
 .ARM.attributes
                0x00000374       0x39 Drivers/STM32F4xx_HAL_Driver/Src/stm32f4xx_hal_i2s.o
 .ARM.attributes
                0x000003ad       0x39 Drivers/STM32F4xx_HAL_Driver/Src/stm32f4xx_hal_i2s_ex.o
 .ARM.attributes
                0x000003e6       0x39 Drivers/STM32F4xx_HAL_Driver/Src/stm32f4xx_hal_rcc.o
 .ARM.attributes
                0x0000041f       0x39 Drivers/STM32F4xx_HAL_Driver/Src/stm32f4xx_hal_rcc_ex.o
 .ARM.attributes
                0x00000458       0x39 Drivers/STM32F4xx_HAL_Driver/Src/stm32f4xx_hal_spi.o
 .ARM.attributes
                0x00000491       0x39 Drivers/STM32F4xx_HAL_Driver/Src/stm32f4xx_ll_usb.o
 .ARM.attributes
                0x000004ca       0x39 Src/main.o
 .ARM.attributes
                0x00000503       0x39 Src/stm32f4xx_hal_msp.o
 .ARM.attributes
                0x0000053c       0x39 Src/stm32f4xx_it.o
 .ARM.attributes
                0x00000575       0x39 Src/system_stm32f4xx.o
 .ARM.attributes
                0x000005ae       0x21 startup/startup_stm32f407xx.o
 .ARM.attributes
                0x000005cf       0x34 c:/users/kalli/.p2/pool/plugins/fr.ac6.mcu.externaltools.arm-none.win32_1.15.0.201708311556/tools/compiler/bin/../lib/gcc/arm-none-eabi/6.3.1/../../../../arm-none-eabi/lib/thumb/v7e-m/fpv4-sp/hard\libm.a(lib_a-w_log10.o)
 .ARM.attributes
                0x00000603       0x34 c:/users/kalli/.p2/pool/plugins/fr.ac6.mcu.externaltools.arm-none.win32_1.15.0.201708311556/tools/compiler/bin/../lib/gcc/arm-none-eabi/6.3.1/../../../../arm-none-eabi/lib/thumb/v7e-m/fpv4-sp/hard\libm.a(lib_a-e_log10.o)
 .ARM.attributes
                0x00000637       0x34 c:/users/kalli/.p2/pool/plugins/fr.ac6.mcu.externaltools.arm-none.win32_1.15.0.201708311556/tools/compiler/bin/../lib/gcc/arm-none-eabi/6.3.1/../../../../arm-none-eabi/lib/thumb/v7e-m/fpv4-sp/hard\libm.a(lib_a-s_lib_ver.o)
 .ARM.attributes
                0x0000066b       0x34 c:/users/kalli/.p2/pool/plugins/fr.ac6.mcu.externaltools.arm-none.win32_1.15.0.201708311556/tools/compiler/bin/../lib/gcc/arm-none-eabi/6.3.1/../../../../arm-none-eabi/lib/thumb/v7e-m/fpv4-sp/hard\libm.a(lib_a-s_matherr.o)
 .ARM.attributes
                0x0000069f       0x34 c:/users/kalli/.p2/pool/plugins/fr.ac6.mcu.externaltools.arm-none.win32_1.15.0.201708311556/tools/compiler/bin/../lib/gcc/arm-none-eabi/6.3.1/../../../../arm-none-eabi/lib/thumb/v7e-m/fpv4-sp/hard\libm.a(lib_a-s_nan.o)
 .ARM.attributes
                0x000006d3       0x34 c:/users/kalli/.p2/pool/plugins/fr.ac6.mcu.externaltools.arm-none.win32_1.15.0.201708311556/tools/compiler/bin/../lib/gcc/arm-none-eabi/6.3.1/../../../../arm-none-eabi/lib/thumb/v7e-m/fpv4-sp/hard\libm.a(lib_a-e_log.o)
 .ARM.attributes
                0x00000707       0x22 c:/users/kalli/.p2/pool/plugins/fr.ac6.mcu.externaltools.arm-none.win32_1.15.0.201708311556/tools/compiler/bin/../lib/gcc/arm-none-eabi/6.3.1/thumb/v7e-m/fpv4-sp/hard\libgcc.a(_arm_addsubdf3.o)
 .ARM.attributes
                0x00000729       0x22 c:/users/kalli/.p2/pool/plugins/fr.ac6.mcu.externaltools.arm-none.win32_1.15.0.201708311556/tools/compiler/bin/../lib/gcc/arm-none-eabi/6.3.1/thumb/v7e-m/fpv4-sp/hard\libgcc.a(_arm_muldivdf3.o)
 .ARM.attributes
                0x0000074b       0x22 c:/users/kalli/.p2/pool/plugins/fr.ac6.mcu.externaltools.arm-none.win32_1.15.0.201708311556/tools/compiler/bin/../lib/gcc/arm-none-eabi/6.3.1/thumb/v7e-m/fpv4-sp/hard\libgcc.a(_arm_cmpdf2.o)
 .ARM.attributes
                0x0000076d       0x22 c:/users/kalli/.p2/pool/plugins/fr.ac6.mcu.externaltools.arm-none.win32_1.15.0.201708311556/tools/compiler/bin/../lib/gcc/arm-none-eabi/6.3.1/thumb/v7e-m/fpv4-sp/hard\libgcc.a(_arm_unorddf2.o)
 .ARM.attributes
                0x0000078f       0x22 c:/users/kalli/.p2/pool/plugins/fr.ac6.mcu.externaltools.arm-none.win32_1.15.0.201708311556/tools/compiler/bin/../lib/gcc/arm-none-eabi/6.3.1/thumb/v7e-m/fpv4-sp/hard\libgcc.a(_arm_truncdfsf2.o)
 .ARM.attributes
                0x000007b1       0x34 c:/users/kalli/.p2/pool/plugins/fr.ac6.mcu.externaltools.arm-none.win32_1.15.0.201708311556/tools/compiler/bin/../lib/gcc/arm-none-eabi/6.3.1/../../../../arm-none-eabi/lib/thumb/v7e-m/fpv4-sp/hard\libc_nano.a(lib_a-errno.o)
 .ARM.attributes
                0x000007e5       0x34 c:/users/kalli/.p2/pool/plugins/fr.ac6.mcu.externaltools.arm-none.win32_1.15.0.201708311556/tools/compiler/bin/../lib/gcc/arm-none-eabi/6.3.1/../../../../arm-none-eabi/lib/thumb/v7e-m/fpv4-sp/hard\libc_nano.a(lib_a-impure.o)
 .ARM.attributes
                0x00000819       0x34 c:/users/kalli/.p2/pool/plugins/fr.ac6.mcu.externaltools.arm-none.win32_1.15.0.201708311556/tools/compiler/bin/../lib/gcc/arm-none-eabi/6.3.1/../../../../arm-none-eabi/lib/thumb/v7e-m/fpv4-sp/hard\libc_nano.a(lib_a-init.o)
 .ARM.attributes
                0x0000084d       0x34 c:/users/kalli/.p2/pool/plugins/fr.ac6.mcu.externaltools.arm-none.win32_1.15.0.201708311556/tools/compiler/bin/../lib/gcc/arm-none-eabi/6.3.1/../../../../arm-none-eabi/lib/thumb/v7e-m/fpv4-sp/hard\libc_nano.a(lib_a-memset.o)
 .ARM.attributes
                0x00000881       0x22 c:/users/kalli/.p2/pool/plugins/fr.ac6.mcu.externaltools.arm-none.win32_1.15.0.201708311556/tools/compiler/bin/../lib/gcc/arm-none-eabi/6.3.1/thumb/v7e-m/fpv4-sp/hard/crtn.o
OUTPUT(Accel.elf elf32-littlearm)

.debug_info     0x00000000    0x20e6e
 .debug_info    0x00000000      0x91b Drivers/CMSIS/arm_fir_data.o
 .debug_info    0x0000091b      0xbc8 Drivers/CMSIS/arm_fir_f32.o
 .debug_info    0x000014e3      0x9e1 Drivers/CMSIS/arm_fir_init_f32.o
 .debug_info    0x00001ec4      0x831 Drivers/CMSIS/lis302dl.o
 .debug_info    0x000026f5      0x8ae Drivers/CMSIS/lis3dsh.o
 .debug_info    0x00002fa3      0xef5 Drivers/CMSIS/math_helper.o
 .debug_info    0x00003e98     0x2407 Drivers/CMSIS/stm32f4_discovery.o
 .debug_info    0x0000629f      0xd27 Drivers/CMSIS/stm32f4_discovery_accelerometer.o
 .debug_info    0x00006fc6     0x24b7 Drivers/CMSIS/stm32f4_discovery_audio.o
 .debug_info    0x0000947d     0x119e Drivers/STM32F4xx_HAL_Driver/Src/stm32f4xx_hal.o
 .debug_info    0x0000a61b     0x175a Drivers/STM32F4xx_HAL_Driver/Src/stm32f4xx_hal_cortex.o
 .debug_info    0x0000bd75      0xf97 Drivers/STM32F4xx_HAL_Driver/Src/stm32f4xx_hal_gpio.o
 .debug_info    0x0000cd0c     0x197f Drivers/STM32F4xx_HAL_Driver/Src/stm32f4xx_hal_hcd.o
 .debug_info    0x0000e68b     0x36e2 Drivers/STM32F4xx_HAL_Driver/Src/stm32f4xx_hal_i2c.o
 .debug_info    0x00011d6d     0x17f1 Drivers/STM32F4xx_HAL_Driver/Src/stm32f4xx_hal_i2s.o
 .debug_info    0x0001355e     0x1596 Drivers/STM32F4xx_HAL_Driver/Src/stm32f4xx_hal_i2s_ex.o
 .debug_info    0x00014af4     0x1500 Drivers/STM32F4xx_HAL_Driver/Src/stm32f4xx_hal_rcc.o
 .debug_info    0x00015ff4      0xe3e Drivers/STM32F4xx_HAL_Driver/Src/stm32f4xx_hal_rcc_ex.o
 .debug_info    0x00016e32     0x220a Drivers/STM32F4xx_HAL_Driver/Src/stm32f4xx_hal_spi.o
 .debug_info    0x0001903c     0x1f1c Drivers/STM32F4xx_HAL_Driver/Src/stm32f4xx_ll_usb.o
 .debug_info    0x0001af58     0x27e3 Src/main.o
 .debug_info    0x0001d73b     0x1f76 Src/stm32f4xx_hal_msp.o
 .debug_info    0x0001f6b1      0xa1b Src/stm32f4xx_it.o
 .debug_info    0x000200cc      0xd30 Src/system_stm32f4xx.o
 .debug_info    0x00020dfc       0x72 startup/startup_stm32f407xx.o

.debug_abbrev   0x00000000     0x425c
 .debug_abbrev  0x00000000      0x1ba Drivers/CMSIS/arm_fir_data.o
 .debug_abbrev  0x000001ba      0x209 Drivers/CMSIS/arm_fir_f32.o
 .debug_abbrev  0x000003c3      0x20f Drivers/CMSIS/arm_fir_init_f32.o
 .debug_abbrev  0x000005d2      0x1cb Drivers/CMSIS/lis302dl.o
 .debug_abbrev  0x0000079d      0x1cb Drivers/CMSIS/lis3dsh.o
 .debug_abbrev  0x00000968      0x329 Drivers/CMSIS/math_helper.o
 .debug_abbrev  0x00000c91      0x344 Drivers/CMSIS/stm32f4_discovery.o
 .debug_abbrev  0x00000fd5      0x2a5 Drivers/CMSIS/stm32f4_discovery_accelerometer.o
 .debug_abbrev  0x0000127a      0x384 Drivers/CMSIS/stm32f4_discovery_audio.o
 .debug_abbrev  0x000015fe      0x347 Drivers/STM32F4xx_HAL_Driver/Src/stm32f4xx_hal.o
 .debug_abbrev  0x00001945      0x3d4 Drivers/STM32F4xx_HAL_Driver/Src/stm32f4xx_hal_cortex.o
 .debug_abbrev  0x00001d19      0x2a5 Drivers/STM32F4xx_HAL_Driver/Src/stm32f4xx_hal_gpio.o
 .debug_abbrev  0x00001fbe      0x30b Drivers/STM32F4xx_HAL_Driver/Src/stm32f4xx_hal_hcd.o
 .debug_abbrev  0x000022c9      0x2f9 Drivers/STM32F4xx_HAL_Driver/Src/stm32f4xx_hal_i2c.o
 .debug_abbrev  0x000025c2      0x32a Drivers/STM32F4xx_HAL_Driver/Src/stm32f4xx_hal_i2s.o
 .debug_abbrev  0x000028ec      0x31b Drivers/STM32F4xx_HAL_Driver/Src/stm32f4xx_hal_i2s_ex.o
 .debug_abbrev  0x00002c07      0x370 Drivers/STM32F4xx_HAL_Driver/Src/stm32f4xx_hal_rcc.o
 .debug_abbrev  0x00002f77      0x2e0 Drivers/STM32F4xx_HAL_Driver/Src/stm32f4xx_hal_rcc_ex.o
 .debug_abbrev  0x00003257      0x2f0 Drivers/STM32F4xx_HAL_Driver/Src/stm32f4xx_hal_spi.o
 .debug_abbrev  0x00003547      0x304 Drivers/STM32F4xx_HAL_Driver/Src/stm32f4xx_ll_usb.o
 .debug_abbrev  0x0000384b      0x35e Src/main.o
 .debug_abbrev  0x00003ba9      0x2a4 Src/stm32f4xx_hal_msp.o
 .debug_abbrev  0x00003e4d      0x1f8 Src/stm32f4xx_it.o
 .debug_abbrev  0x00004045      0x205 Src/system_stm32f4xx.o
 .debug_abbrev  0x0000424a       0x12 startup/startup_stm32f407xx.o

.debug_aranges  0x00000000     0x1038
 .debug_aranges
                0x00000000       0x18 Drivers/CMSIS/arm_fir_data.o
 .debug_aranges
                0x00000018       0x20 Drivers/CMSIS/arm_fir_f32.o
 .debug_aranges
                0x00000038       0x20 Drivers/CMSIS/arm_fir_init_f32.o
 .debug_aranges
                0x00000058       0x78 Drivers/CMSIS/lis302dl.o
 .debug_aranges
                0x000000d0       0x68 Drivers/CMSIS/lis3dsh.o
 .debug_aranges
                0x00000138       0x90 Drivers/CMSIS/math_helper.o
 .debug_aranges
                0x000001c8       0xf0 Drivers/CMSIS/stm32f4_discovery.o
 .debug_aranges
                0x000002b8       0x48 Drivers/CMSIS/stm32f4_discovery_accelerometer.o
 .debug_aranges
                0x00000300      0x140 Drivers/CMSIS/stm32f4_discovery_audio.o
 .debug_aranges
                0x00000440       0xc8 Drivers/STM32F4xx_HAL_Driver/Src/stm32f4xx_hal.o
 .debug_aranges
                0x00000508       0xa8 Drivers/STM32F4xx_HAL_Driver/Src/stm32f4xx_hal_cortex.o
 .debug_aranges
                0x000005b0       0x58 Drivers/STM32F4xx_HAL_Driver/Src/stm32f4xx_hal_gpio.o
 .debug_aranges
                0x00000608       0xe0 Drivers/STM32F4xx_HAL_Driver/Src/stm32f4xx_hal_hcd.o
 .debug_aranges
                0x000006e8      0x268 Drivers/STM32F4xx_HAL_Driver/Src/stm32f4xx_hal_i2c.o
 .debug_aranges
                0x00000950      0x108 Drivers/STM32F4xx_HAL_Driver/Src/stm32f4xx_hal_i2s.o
 .debug_aranges
                0x00000a58       0x68 Drivers/STM32F4xx_HAL_Driver/Src/stm32f4xx_hal_i2s_ex.o
 .debug_aranges
                0x00000ac0       0x88 Drivers/STM32F4xx_HAL_Driver/Src/stm32f4xx_hal_rcc.o
 .debug_aranges
                0x00000b48       0x38 Drivers/STM32F4xx_HAL_Driver/Src/stm32f4xx_hal_rcc_ex.o
 .debug_aranges
                0x00000b80      0x1c8 Drivers/STM32F4xx_HAL_Driver/Src/stm32f4xx_hal_spi.o
 .debug_aranges
                0x00000d48      0x180 Drivers/STM32F4xx_HAL_Driver/Src/stm32f4xx_ll_usb.o
 .debug_aranges
                0x00000ec8       0x58 Src/main.o
 .debug_aranges
                0x00000f20       0x60 Src/stm32f4xx_hal_msp.o
 .debug_aranges
                0x00000f80       0x68 Src/stm32f4xx_it.o
 .debug_aranges
                0x00000fe8       0x28 Src/system_stm32f4xx.o
 .debug_aranges
                0x00001010       0x28 startup/startup_stm32f407xx.o

.debug_macro    0x00000000    0x23f97
 .debug_macro   0x00000000      0x139 Drivers/CMSIS/arm_fir_data.o
 .debug_macro   0x00000139      0x8bc Drivers/CMSIS/arm_fir_data.o
 .debug_macro   0x000009f5       0x20 Drivers/CMSIS/arm_fir_data.o
 .debug_macro   0x00000a15       0x22 Drivers/CMSIS/arm_fir_data.o
 .debug_macro   0x00000a37       0x52 Drivers/CMSIS/arm_fir_data.o
 .debug_macro   0x00000a89       0x8d Drivers/CMSIS/arm_fir_data.o
 .debug_macro   0x00000b16       0x35 Drivers/CMSIS/arm_fir_data.o
 .debug_macro   0x00000b4b       0x9c Drivers/CMSIS/arm_fir_data.o
 .debug_macro   0x00000be7      0x174 Drivers/CMSIS/arm_fir_data.o
 .debug_macro   0x00000d5b       0x57 Drivers/CMSIS/arm_fir_data.o
 .debug_macro   0x00000db2       0x58 Drivers/CMSIS/arm_fir_data.o
 .debug_macro   0x00000e0a       0x1f Drivers/CMSIS/arm_fir_data.o
 .debug_macro   0x00000e29       0x43 Drivers/CMSIS/arm_fir_data.o
 .debug_macro   0x00000e6c       0x20 Drivers/CMSIS/arm_fir_data.o
 .debug_macro   0x00000e8c      0x187 Drivers/CMSIS/arm_fir_data.o
 .debug_macro   0x00001013      0x330 Drivers/CMSIS/arm_fir_data.o
 .debug_macro   0x00001343       0x10 Drivers/CMSIS/arm_fir_data.o
 .debug_macro   0x00001353       0x35 Drivers/CMSIS/arm_fir_data.o
 .debug_macro   0x00001388      0x1e1 Drivers/CMSIS/arm_fir_data.o
 .debug_macro   0x00001569       0xef Drivers/CMSIS/arm_fir_data.o
 .debug_macro   0x00001658       0x6a Drivers/CMSIS/arm_fir_data.o
 .debug_macro   0x000016c2      0x1df Drivers/CMSIS/arm_fir_data.o
 .debug_macro   0x000018a1       0xdd Drivers/CMSIS/arm_fir_data.o
 .debug_macro   0x0000197e      0x139 Drivers/CMSIS/arm_fir_f32.o
 .debug_macro   0x00001ab7      0x139 Drivers/CMSIS/arm_fir_init_f32.o
 .debug_macro   0x00001bf0       0x7c Drivers/CMSIS/lis302dl.o
 .debug_macro   0x00001c6c      0x1d1 Drivers/CMSIS/lis302dl.o
 .debug_macro   0x00001e3d       0x7c Drivers/CMSIS/lis3dsh.o
 .debug_macro   0x00001eb9      0x428 Drivers/CMSIS/lis3dsh.o
 .debug_macro   0x000022e1      0x13c Drivers/CMSIS/math_helper.o
 .debug_macro   0x0000241d       0x16 Drivers/CMSIS/math_helper.o
 .debug_macro   0x00002433      0x3c7 Drivers/CMSIS/stm32f4_discovery.o
 .debug_macro   0x000027fa       0x10 Drivers/CMSIS/stm32f4_discovery.o
 .debug_macro   0x0000280a      0x18c Drivers/CMSIS/stm32f4_discovery.o
 .debug_macro   0x00002996       0x33 Drivers/CMSIS/stm32f4_discovery.o
 .debug_macro   0x000029c9       0x28 Drivers/CMSIS/stm32f4_discovery.o
 .debug_macro   0x000029f1       0x35 Drivers/CMSIS/stm32f4_discovery.o
 .debug_macro   0x00002a26       0x50 Drivers/CMSIS/stm32f4_discovery.o
 .debug_macro   0x00002a76      0xe66 Drivers/CMSIS/stm32f4_discovery.o
 .debug_macro   0x000038dc    0x15e04 Drivers/CMSIS/stm32f4_discovery.o
 .debug_macro   0x000196e0       0x43 Drivers/CMSIS/stm32f4_discovery.o
 .debug_macro   0x00019723     0x3574 Drivers/CMSIS/stm32f4_discovery.o
 .debug_macro   0x0001cc97       0x58 Drivers/CMSIS/stm32f4_discovery.o
 .debug_macro   0x0001ccef       0x16 Drivers/CMSIS/stm32f4_discovery.o
 .debug_macro   0x0001cd05       0x97 Drivers/CMSIS/stm32f4_discovery.o
 .debug_macro   0x0001cd9c       0xfd Drivers/CMSIS/stm32f4_discovery.o
 .debug_macro   0x0001ce99       0x10 Drivers/CMSIS/stm32f4_discovery.o
 .debug_macro   0x0001cea9       0x10 Drivers/CMSIS/stm32f4_discovery.o
 .debug_macro   0x0001ceb9       0x1c Drivers/CMSIS/stm32f4_discovery.o
 .debug_macro   0x0001ced5       0x52 Drivers/CMSIS/stm32f4_discovery.o
 .debug_macro   0x0001cf27       0x40 Drivers/CMSIS/stm32f4_discovery.o
 .debug_macro   0x0001cf67       0x10 Drivers/CMSIS/stm32f4_discovery.o
 .debug_macro   0x0001cf77       0x40 Drivers/CMSIS/stm32f4_discovery.o
 .debug_macro   0x0001cfb7       0xd7 Drivers/CMSIS/stm32f4_discovery.o
 .debug_macro   0x0001d08e       0x16 Drivers/CMSIS/stm32f4_discovery.o
 .debug_macro   0x0001d0a4      0x18b Drivers/CMSIS/stm32f4_discovery.o
 .debug_macro   0x0001d22f       0x50 Drivers/CMSIS/stm32f4_discovery.o
 .debug_macro   0x0001d27f      0x96b Drivers/CMSIS/stm32f4_discovery.o
 .debug_macro   0x0001dbea      0x9e1 Drivers/CMSIS/stm32f4_discovery.o
 .debug_macro   0x0001e5cb      0x11e Drivers/CMSIS/stm32f4_discovery.o
 .debug_macro   0x0001e6e9      0x13e Drivers/CMSIS/stm32f4_discovery.o
 .debug_macro   0x0001e827       0x27 Drivers/CMSIS/stm32f4_discovery.o
 .debug_macro   0x0001e84e      0x287 Drivers/CMSIS/stm32f4_discovery.o
 .debug_macro   0x0001ead5       0x5f Drivers/CMSIS/stm32f4_discovery.o
 .debug_macro   0x0001eb34      0x23a Drivers/CMSIS/stm32f4_discovery.o
 .debug_macro   0x0001ed6e      0x133 Drivers/CMSIS/stm32f4_discovery.o
 .debug_macro   0x0001eea1      0x21e Drivers/CMSIS/stm32f4_discovery.o
 .debug_macro   0x0001f0bf       0x2e Drivers/CMSIS/stm32f4_discovery.o
 .debug_macro   0x0001f0ed      0x1a7 Drivers/CMSIS/stm32f4_discovery.o
 .debug_macro   0x0001f294       0xa5 Drivers/CMSIS/stm32f4_discovery.o
 .debug_macro   0x0001f339      0x192 Drivers/CMSIS/stm32f4_discovery.o
 .debug_macro   0x0001f4cb       0x40 Drivers/CMSIS/stm32f4_discovery.o
 .debug_macro   0x0001f50b       0x3c Drivers/CMSIS/stm32f4_discovery.o
 .debug_macro   0x0001f547      0x11e Drivers/CMSIS/stm32f4_discovery.o
 .debug_macro   0x0001f665       0x7f Drivers/CMSIS/stm32f4_discovery.o
 .debug_macro   0x0001f6e4       0x89 Drivers/CMSIS/stm32f4_discovery.o
 .debug_macro   0x0001f76d      0x202 Drivers/CMSIS/stm32f4_discovery.o
 .debug_macro   0x0001f96f      0x1df Drivers/CMSIS/stm32f4_discovery.o
 .debug_macro   0x0001fb4e       0x68 Drivers/CMSIS/stm32f4_discovery.o
 .debug_macro   0x0001fbb6      0x125 Drivers/CMSIS/stm32f4_discovery.o
 .debug_macro   0x0001fcdb      0x1e2 Drivers/CMSIS/stm32f4_discovery.o
 .debug_macro   0x0001febd      0x3cf Drivers/CMSIS/stm32f4_discovery_accelerometer.o
 .debug_macro   0x0002028c      0x42e Drivers/CMSIS/stm32f4_discovery_accelerometer.o
 .debug_macro   0x000206ba      0x38c Drivers/CMSIS/stm32f4_discovery_audio.o
 .debug_macro   0x00020a46       0x3b Drivers/CMSIS/stm32f4_discovery_audio.o
 .debug_macro   0x00020a81       0x10 Drivers/CMSIS/stm32f4_discovery_audio.o
 .debug_macro   0x00020a91      0x16a Drivers/CMSIS/stm32f4_discovery_audio.o
 .debug_macro   0x00020bfb      0x3ac Drivers/STM32F4xx_HAL_Driver/Src/stm32f4xx_hal.o
 .debug_macro   0x00020fa7      0x34c Drivers/STM32F4xx_HAL_Driver/Src/stm32f4xx_hal_cortex.o
 .debug_macro   0x000212f3      0x384 Drivers/STM32F4xx_HAL_Driver/Src/stm32f4xx_hal_gpio.o
 .debug_macro   0x00021677      0x34c Drivers/STM32F4xx_HAL_Driver/Src/stm32f4xx_hal_hcd.o
 .debug_macro   0x000219c3      0x38c Drivers/STM32F4xx_HAL_Driver/Src/stm32f4xx_hal_i2c.o
 .debug_macro   0x00021d4f      0x34d Drivers/STM32F4xx_HAL_Driver/Src/stm32f4xx_hal_i2s.o
 .debug_macro   0x0002209c      0x34c Drivers/STM32F4xx_HAL_Driver/Src/stm32f4xx_hal_i2s_ex.o
 .debug_macro   0x000223e8      0x376 Drivers/STM32F4xx_HAL_Driver/Src/stm32f4xx_hal_rcc.o
 .debug_macro   0x0002275e      0x34c Drivers/STM32F4xx_HAL_Driver/Src/stm32f4xx_hal_rcc_ex.o
 .debug_macro   0x00022aaa      0x354 Drivers/STM32F4xx_HAL_Driver/Src/stm32f4xx_hal_spi.o
 .debug_macro   0x00022dfe      0x353 Drivers/STM32F4xx_HAL_Driver/Src/stm32f4xx_ll_usb.o
 .debug_macro   0x00023151      0x452 Src/main.o
 .debug_macro   0x000235a3      0x34c Src/stm32f4xx_hal_msp.o
 .debug_macro   0x000238ef      0x356 Src/stm32f4xx_it.o
 .debug_macro   0x00023c45      0x352 Src/system_stm32f4xx.o

.debug_line     0x00000000     0xf25a
 .debug_line    0x00000000      0x3b4 Drivers/CMSIS/arm_fir_data.o
 .debug_line    0x000003b4      0x507 Drivers/CMSIS/arm_fir_f32.o
 .debug_line    0x000008bb      0x3cc Drivers/CMSIS/arm_fir_init_f32.o
 .debug_line    0x00000c87      0x454 Drivers/CMSIS/lis302dl.o
 .debug_line    0x000010db      0x437 Drivers/CMSIS/lis3dsh.o
 .debug_line    0x00001512      0x607 Drivers/CMSIS/math_helper.o
 .debug_line    0x00001b19      0xabd Drivers/CMSIS/stm32f4_discovery.o
 .debug_line    0x000025d6      0x936 Drivers/CMSIS/stm32f4_discovery_accelerometer.o
 .debug_line    0x00002f0c      0xc43 Drivers/CMSIS/stm32f4_discovery_audio.o
 .debug_line    0x00003b4f      0x9b3 Drivers/STM32F4xx_HAL_Driver/Src/stm32f4xx_hal.o
 .debug_line    0x00004502      0xa20 Drivers/STM32F4xx_HAL_Driver/Src/stm32f4xx_hal_cortex.o
 .debug_line    0x00004f22      0x994 Drivers/STM32F4xx_HAL_Driver/Src/stm32f4xx_hal_gpio.o
 .debug_line    0x000058b6      0xbd0 Drivers/STM32F4xx_HAL_Driver/Src/stm32f4xx_hal_hcd.o
 .debug_line    0x00006486     0x19d8 Drivers/STM32F4xx_HAL_Driver/Src/stm32f4xx_hal_i2c.o
 .debug_line    0x00007e5e      0xda6 Drivers/STM32F4xx_HAL_Driver/Src/stm32f4xx_hal_i2s.o
 .debug_line    0x00008c04      0xdd4 Drivers/STM32F4xx_HAL_Driver/Src/stm32f4xx_hal_i2s_ex.o
 .debug_line    0x000099d8      0xb19 Drivers/STM32F4xx_HAL_Driver/Src/stm32f4xx_hal_rcc.o
 .debug_line    0x0000a4f1      0x8f8 Drivers/STM32F4xx_HAL_Driver/Src/stm32f4xx_hal_rcc_ex.o
 .debug_line    0x0000ade9     0x11f0 Drivers/STM32F4xx_HAL_Driver/Src/stm32f4xx_hal_spi.o
 .debug_line    0x0000bfd9      0xe70 Drivers/STM32F4xx_HAL_Driver/Src/stm32f4xx_ll_usb.o
 .debug_line    0x0000ce49      0x9e5 Src/main.o
 .debug_line    0x0000d82e      0x8d8 Src/stm32f4xx_hal_msp.o
 .debug_line    0x0000e106      0x8a1 Src/stm32f4xx_it.o
 .debug_line    0x0000e9a7      0x834 Src/system_stm32f4xx.o
 .debug_line    0x0000f1db       0x7f startup/startup_stm32f407xx.o

.debug_str      0x00000000    0xc706f
 .debug_str     0x00000000     0x6f9e Drivers/CMSIS/arm_fir_data.o
                               0x7245 (size before relaxing)
 .debug_str     0x00006f9e       0xc3 Drivers/CMSIS/arm_fir_f32.o
                               0x72d7 (size before relaxing)
 .debug_str     0x00007061       0x3c Drivers/CMSIS/arm_fir_init_f32.o
                               0x729c (size before relaxing)
 .debug_str     0x0000709d      0xd58 Drivers/CMSIS/lis302dl.o
                               0x424e (size before relaxing)
 .debug_str     0x00007df5     0x1385 Drivers/CMSIS/lis3dsh.o
                               0x497d (size before relaxing)
 .debug_str     0x0000917a      0x1ed Drivers/CMSIS/math_helper.o
                               0x7442 (size before relaxing)
 .debug_str     0x00009367    0xb86e2 Drivers/CMSIS/stm32f4_discovery.o
                              0xbec8f (size before relaxing)
 .debug_str     0x000c1a49      0x249 Drivers/CMSIS/stm32f4_discovery_accelerometer.o
                              0xc059b (size before relaxing)
 .debug_str     0x000c1c92     0x171f Drivers/CMSIS/stm32f4_discovery_audio.o
                              0xbf972 (size before relaxing)
 .debug_str     0x000c33b1      0x580 Drivers/STM32F4xx_HAL_Driver/Src/stm32f4xx_hal.o
                              0xbd781 (size before relaxing)
 .debug_str     0x000c3931      0x37d Drivers/STM32F4xx_HAL_Driver/Src/stm32f4xx_hal_cortex.o
                              0xbd547 (size before relaxing)
 .debug_str     0x000c3cae      0x1b3 Drivers/STM32F4xx_HAL_Driver/Src/stm32f4xx_hal_gpio.o
                              0xbced5 (size before relaxing)
 .debug_str     0x000c3e61      0x84c Drivers/STM32F4xx_HAL_Driver/Src/stm32f4xx_hal_hcd.o
                              0xbd3dc (size before relaxing)
 .debug_str     0x000c46ad      0xa3d Drivers/STM32F4xx_HAL_Driver/Src/stm32f4xx_hal_i2c.o
                              0xbdadb (size before relaxing)
 .debug_str     0x000c50ea      0x191 Drivers/STM32F4xx_HAL_Driver/Src/stm32f4xx_hal_i2s.o
                              0xbd248 (size before relaxing)
 .debug_str     0x000c527b      0x19c Drivers/STM32F4xx_HAL_Driver/Src/stm32f4xx_hal_i2s_ex.o
                              0xbd147 (size before relaxing)
 .debug_str     0x000c5417      0x356 Drivers/STM32F4xx_HAL_Driver/Src/stm32f4xx_hal_rcc.o
                              0xbd0a6 (size before relaxing)
 .debug_str     0x000c576d       0x87 Drivers/STM32F4xx_HAL_Driver/Src/stm32f4xx_hal_rcc_ex.o
                              0xbcdb1 (size before relaxing)
 .debug_str     0x000c57f4      0x4a0 Drivers/STM32F4xx_HAL_Driver/Src/stm32f4xx_hal_spi.o
                              0xbd4bb (size before relaxing)
 .debug_str     0x000c5c94      0x462 Drivers/STM32F4xx_HAL_Driver/Src/stm32f4xx_ll_usb.o
                              0xbd4d5 (size before relaxing)
 .debug_str     0x000c60f6      0xe3d Src/main.o
                              0xc26fc (size before relaxing)
 .debug_str     0x000c6f33       0x1b Src/stm32f4xx_hal_msp.o
                              0xbdde6 (size before relaxing)
 .debug_str     0x000c6f4e       0xc7 Src/stm32f4xx_it.o
                              0xbcbc0 (size before relaxing)
 .debug_str     0x000c7015       0x5a Src/system_stm32f4xx.o
                              0xbcc91 (size before relaxing)

.comment        0x00000000       0x7f
 .comment       0x00000000       0x7f Drivers/CMSIS/arm_fir_data.o
                                 0x80 (size before relaxing)
 .comment       0x0000007f       0x80 Drivers/CMSIS/arm_fir_f32.o
 .comment       0x0000007f       0x80 Drivers/CMSIS/arm_fir_init_f32.o
 .comment       0x0000007f       0x80 Drivers/CMSIS/lis302dl.o
 .comment       0x0000007f       0x80 Drivers/CMSIS/lis3dsh.o
 .comment       0x0000007f       0x80 Drivers/CMSIS/math_helper.o
 .comment       0x0000007f       0x80 Drivers/CMSIS/stm32f4_discovery.o
 .comment       0x0000007f       0x80 Drivers/CMSIS/stm32f4_discovery_accelerometer.o
 .comment       0x0000007f       0x80 Drivers/CMSIS/stm32f4_discovery_audio.o
 .comment       0x0000007f       0x80 Drivers/STM32F4xx_HAL_Driver/Src/stm32f4xx_hal.o
 .comment       0x0000007f       0x80 Drivers/STM32F4xx_HAL_Driver/Src/stm32f4xx_hal_cortex.o
 .comment       0x0000007f       0x80 Drivers/STM32F4xx_HAL_Driver/Src/stm32f4xx_hal_gpio.o
 .comment       0x0000007f       0x80 Drivers/STM32F4xx_HAL_Driver/Src/stm32f4xx_hal_hcd.o
 .comment       0x0000007f       0x80 Drivers/STM32F4xx_HAL_Driver/Src/stm32f4xx_hal_i2c.o
 .comment       0x0000007f       0x80 Drivers/STM32F4xx_HAL_Driver/Src/stm32f4xx_hal_i2s.o
 .comment       0x0000007f       0x80 Drivers/STM32F4xx_HAL_Driver/Src/stm32f4xx_hal_i2s_ex.o
 .comment       0x0000007f       0x80 Drivers/STM32F4xx_HAL_Driver/Src/stm32f4xx_hal_rcc.o
 .comment       0x0000007f       0x80 Drivers/STM32F4xx_HAL_Driver/Src/stm32f4xx_hal_rcc_ex.o
 .comment       0x0000007f       0x80 Drivers/STM32F4xx_HAL_Driver/Src/stm32f4xx_hal_spi.o
 .comment       0x0000007f       0x80 Drivers/STM32F4xx_HAL_Driver/Src/stm32f4xx_ll_usb.o
 .comment       0x0000007f       0x80 Src/main.o
 .comment       0x0000007f       0x80 Src/stm32f4xx_hal_msp.o
 .comment       0x0000007f       0x80 Src/stm32f4xx_it.o
 .comment       0x0000007f       0x80 Src/system_stm32f4xx.o

.debug_loc      0x00000000     0xc5a5
 .debug_loc     0x00000000      0xd9f Drivers/CMSIS/arm_fir_f32.o
 .debug_loc     0x00000d9f       0xae Drivers/CMSIS/arm_fir_init_f32.o
 .debug_loc     0x00000e4d      0x163 Drivers/CMSIS/lis302dl.o
 .debug_loc     0x00000fb0      0x1b5 Drivers/CMSIS/lis3dsh.o
 .debug_loc     0x00001165      0x88e Drivers/CMSIS/math_helper.o
 .debug_loc     0x000019f3      0x5a7 Drivers/CMSIS/stm32f4_discovery.o
 .debug_loc     0x00001f9a      0x13a Drivers/CMSIS/stm32f4_discovery_accelerometer.o
 .debug_loc     0x000020d4      0x788 Drivers/CMSIS/stm32f4_discovery_audio.o
 .debug_loc     0x0000285c       0x91 Drivers/STM32F4xx_HAL_Driver/Src/stm32f4xx_hal.o
 .debug_loc     0x000028ed      0x5ce Drivers/STM32F4xx_HAL_Driver/Src/stm32f4xx_hal_cortex.o
 .debug_loc     0x00002ebb      0x3fd Drivers/STM32F4xx_HAL_Driver/Src/stm32f4xx_hal_gpio.o
 .debug_loc     0x000032b8      0xb25 Drivers/STM32F4xx_HAL_Driver/Src/stm32f4xx_hal_hcd.o
 .debug_loc     0x00003ddd     0x31a5 Drivers/STM32F4xx_HAL_Driver/Src/stm32f4xx_hal_i2c.o
 .debug_loc     0x00006f82      0xf9e Drivers/STM32F4xx_HAL_Driver/Src/stm32f4xx_hal_i2s.o
 .debug_loc     0x00007f20      0xc78 Drivers/STM32F4xx_HAL_Driver/Src/stm32f4xx_hal_i2s_ex.o
 .debug_loc     0x00008b98      0x53b Drivers/STM32F4xx_HAL_Driver/Src/stm32f4xx_hal_rcc.o
 .debug_loc     0x000090d3      0x28b Drivers/STM32F4xx_HAL_Driver/Src/stm32f4xx_hal_rcc_ex.o
 .debug_loc     0x0000935e     0x1984 Drivers/STM32F4xx_HAL_Driver/Src/stm32f4xx_hal_spi.o
 .debug_loc     0x0000ace2     0x1582 Drivers/STM32F4xx_HAL_Driver/Src/stm32f4xx_ll_usb.o
 .debug_loc     0x0000c264       0x97 Src/main.o
 .debug_loc     0x0000c2fb      0x16c Src/stm32f4xx_hal_msp.o
 .debug_loc     0x0000c467      0x13e Src/system_stm32f4xx.o

.debug_ranges   0x00000000      0xf20
 .debug_ranges  0x00000000       0x10 Drivers/CMSIS/arm_fir_f32.o
 .debug_ranges  0x00000010       0x10 Drivers/CMSIS/arm_fir_init_f32.o
 .debug_ranges  0x00000020       0x68 Drivers/CMSIS/lis302dl.o
 .debug_ranges  0x00000088       0x58 Drivers/CMSIS/lis3dsh.o
 .debug_ranges  0x000000e0       0x80 Drivers/CMSIS/math_helper.o
 .debug_ranges  0x00000160       0xe0 Drivers/CMSIS/stm32f4_discovery.o
 .debug_ranges  0x00000240       0x38 Drivers/CMSIS/stm32f4_discovery_accelerometer.o
 .debug_ranges  0x00000278      0x130 Drivers/CMSIS/stm32f4_discovery_audio.o
 .debug_ranges  0x000003a8       0xb8 Drivers/STM32F4xx_HAL_Driver/Src/stm32f4xx_hal.o
 .debug_ranges  0x00000460       0xf8 Drivers/STM32F4xx_HAL_Driver/Src/stm32f4xx_hal_cortex.o
 .debug_ranges  0x00000558       0x48 Drivers/STM32F4xx_HAL_Driver/Src/stm32f4xx_hal_gpio.o
 .debug_ranges  0x000005a0       0xd0 Drivers/STM32F4xx_HAL_Driver/Src/stm32f4xx_hal_hcd.o
 .debug_ranges  0x00000670      0x258 Drivers/STM32F4xx_HAL_Driver/Src/stm32f4xx_hal_i2c.o
 .debug_ranges  0x000008c8       0xf8 Drivers/STM32F4xx_HAL_Driver/Src/stm32f4xx_hal_i2s.o
 .debug_ranges  0x000009c0       0x70 Drivers/STM32F4xx_HAL_Driver/Src/stm32f4xx_hal_i2s_ex.o
 .debug_ranges  0x00000a30       0x78 Drivers/STM32F4xx_HAL_Driver/Src/stm32f4xx_hal_rcc.o
 .debug_ranges  0x00000aa8       0x28 Drivers/STM32F4xx_HAL_Driver/Src/stm32f4xx_hal_rcc_ex.o
 .debug_ranges  0x00000ad0      0x1b8 Drivers/STM32F4xx_HAL_Driver/Src/stm32f4xx_hal_spi.o
 .debug_ranges  0x00000c88      0x170 Drivers/STM32F4xx_HAL_Driver/Src/stm32f4xx_ll_usb.o
 .debug_ranges  0x00000df8       0x48 Src/main.o
 .debug_ranges  0x00000e40       0x50 Src/stm32f4xx_hal_msp.o
 .debug_ranges  0x00000e90       0x58 Src/stm32f4xx_it.o
 .debug_ranges  0x00000ee8       0x18 Src/system_stm32f4xx.o
 .debug_ranges  0x00000f00       0x20 startup/startup_stm32f407xx.o

.debug_frame    0x00000000     0x316c
 .debug_frame   0x00000000       0x70 Drivers/CMSIS/arm_fir_f32.o
 .debug_frame   0x00000070       0x2c Drivers/CMSIS/arm_fir_init_f32.o
 .debug_frame   0x0000009c      0x17c Drivers/CMSIS/lis302dl.o
 .debug_frame   0x00000218      0x13c Drivers/CMSIS/lis3dsh.o
 .debug_frame   0x00000354      0x1e8 Drivers/CMSIS/math_helper.o
 .debug_frame   0x0000053c      0x304 Drivers/CMSIS/stm32f4_discovery.o
 .debug_frame   0x00000840       0xa4 Drivers/CMSIS/stm32f4_discovery_accelerometer.o
 .debug_frame   0x000008e4      0x3a4 Drivers/CMSIS/stm32f4_discovery_audio.o
 .debug_frame   0x00000c88      0x198 Drivers/STM32F4xx_HAL_Driver/Src/stm32f4xx_hal.o
 .debug_frame   0x00000e20      0x15c Drivers/STM32F4xx_HAL_Driver/Src/stm32f4xx_hal_cortex.o
 .debug_frame   0x00000f7c       0xd0 Drivers/STM32F4xx_HAL_Driver/Src/stm32f4xx_hal_gpio.o
 .debug_frame   0x0000104c      0x278 Drivers/STM32F4xx_HAL_Driver/Src/stm32f4xx_hal_hcd.o
 .debug_frame   0x000012c4      0x848 Drivers/STM32F4xx_HAL_Driver/Src/stm32f4xx_hal_i2c.o
 .debug_frame   0x00001b0c      0x304 Drivers/STM32F4xx_HAL_Driver/Src/stm32f4xx_hal_i2s.o
 .debug_frame   0x00001e10      0x15c Drivers/STM32F4xx_HAL_Driver/Src/stm32f4xx_hal_i2s_ex.o
 .debug_frame   0x00001f6c      0x13c Drivers/STM32F4xx_HAL_Driver/Src/stm32f4xx_hal_rcc.o
 .debug_frame   0x000020a8       0x64 Drivers/STM32F4xx_HAL_Driver/Src/stm32f4xx_hal_rcc_ex.o
 .debug_frame   0x0000210c      0x560 Drivers/STM32F4xx_HAL_Driver/Src/stm32f4xx_hal_spi.o
 .debug_frame   0x0000266c      0x49c Drivers/STM32F4xx_HAL_Driver/Src/stm32f4xx_ll_usb.o
 .debug_frame   0x00002b08       0xe0 Src/main.o
 .debug_frame   0x00002be8      0x104 Src/stm32f4xx_hal_msp.o
 .debug_frame   0x00002cec       0xb8 Src/stm32f4xx_it.o
 .debug_frame   0x00002da4       0x30 Src/system_stm32f4xx.o
 .debug_frame   0x00002dd4       0x4c c:/users/kalli/.p2/pool/plugins/fr.ac6.mcu.externaltools.arm-none.win32_1.15.0.201708311556/tools/compiler/bin/../lib/gcc/arm-none-eabi/6.3.1/../../../../arm-none-eabi/lib/thumb/v7e-m/fpv4-sp/hard\libm.a(lib_a-w_log10.o)
 .debug_frame   0x00002e20       0x48 c:/users/kalli/.p2/pool/plugins/fr.ac6.mcu.externaltools.arm-none.win32_1.15.0.201708311556/tools/compiler/bin/../lib/gcc/arm-none-eabi/6.3.1/../../../../arm-none-eabi/lib/thumb/v7e-m/fpv4-sp/hard\libm.a(lib_a-e_log10.o)
 .debug_frame   0x00002e68       0x20 c:/users/kalli/.p2/pool/plugins/fr.ac6.mcu.externaltools.arm-none.win32_1.15.0.201708311556/tools/compiler/bin/../lib/gcc/arm-none-eabi/6.3.1/../../../../arm-none-eabi/lib/thumb/v7e-m/fpv4-sp/hard\libm.a(lib_a-s_matherr.o)
 .debug_frame   0x00002e88       0x20 c:/users/kalli/.p2/pool/plugins/fr.ac6.mcu.externaltools.arm-none.win32_1.15.0.201708311556/tools/compiler/bin/../lib/gcc/arm-none-eabi/6.3.1/../../../../arm-none-eabi/lib/thumb/v7e-m/fpv4-sp/hard\libm.a(lib_a-s_nan.o)
 .debug_frame   0x00002ea8       0x54 c:/users/kalli/.p2/pool/plugins/fr.ac6.mcu.externaltools.arm-none.win32_1.15.0.201708311556/tools/compiler/bin/../lib/gcc/arm-none-eabi/6.3.1/../../../../arm-none-eabi/lib/thumb/v7e-m/fpv4-sp/hard\libm.a(lib_a-e_log.o)
 .debug_frame   0x00002efc       0xac c:/users/kalli/.p2/pool/plugins/fr.ac6.mcu.externaltools.arm-none.win32_1.15.0.201708311556/tools/compiler/bin/../lib/gcc/arm-none-eabi/6.3.1/thumb/v7e-m/fpv4-sp/hard\libgcc.a(_arm_addsubdf3.o)
 .debug_frame   0x00002fa8       0x50 c:/users/kalli/.p2/pool/plugins/fr.ac6.mcu.externaltools.arm-none.win32_1.15.0.201708311556/tools/compiler/bin/../lib/gcc/arm-none-eabi/6.3.1/thumb/v7e-m/fpv4-sp/hard\libgcc.a(_arm_muldivdf3.o)
 .debug_frame   0x00002ff8       0xc4 c:/users/kalli/.p2/pool/plugins/fr.ac6.mcu.externaltools.arm-none.win32_1.15.0.201708311556/tools/compiler/bin/../lib/gcc/arm-none-eabi/6.3.1/thumb/v7e-m/fpv4-sp/hard\libgcc.a(_arm_cmpdf2.o)
 .debug_frame   0x000030bc       0x20 c:/users/kalli/.p2/pool/plugins/fr.ac6.mcu.externaltools.arm-none.win32_1.15.0.201708311556/tools/compiler/bin/../lib/gcc/arm-none-eabi/6.3.1/thumb/v7e-m/fpv4-sp/hard\libgcc.a(_arm_unorddf2.o)
 .debug_frame   0x000030dc       0x24 c:/users/kalli/.p2/pool/plugins/fr.ac6.mcu.externaltools.arm-none.win32_1.15.0.201708311556/tools/compiler/bin/../lib/gcc/arm-none-eabi/6.3.1/thumb/v7e-m/fpv4-sp/hard\libgcc.a(_arm_truncdfsf2.o)
 .debug_frame   0x00003100       0x20 c:/users/kalli/.p2/pool/plugins/fr.ac6.mcu.externaltools.arm-none.win32_1.15.0.201708311556/tools/compiler/bin/../lib/gcc/arm-none-eabi/6.3.1/../../../../arm-none-eabi/lib/thumb/v7e-m/fpv4-sp/hard\libc_nano.a(lib_a-errno.o)
 .debug_frame   0x00003120       0x2c c:/users/kalli/.p2/pool/plugins/fr.ac6.mcu.externaltools.arm-none.win32_1.15.0.201708311556/tools/compiler/bin/../lib/gcc/arm-none-eabi/6.3.1/../../../../arm-none-eabi/lib/thumb/v7e-m/fpv4-sp/hard\libc_nano.a(lib_a-init.o)
 .debug_frame   0x0000314c       0x20 c:/users/kalli/.p2/pool/plugins/fr.ac6.mcu.externaltools.arm-none.win32_1.15.0.201708311556/tools/compiler/bin/../lib/gcc/arm-none-eabi/6.3.1/../../../../arm-none-eabi/lib/thumb/v7e-m/fpv4-sp/hard\libc_nano.a(lib_a-memset.o)
